<html>
<body>
<pre>
<h1>礦ision Build Log</h1>
<h2>Tool Versions:</h2>
IDE-Version: μVision V5.14.0.0
Copyright (C) 2015 ARM Ltd and ARM Germany GmbH. All rights reserved.
License Information: b 1070627093@qq.com, jlu, LIC=TIVNB-25PN7-IIN5V-PZWF7-LX2RN-N4UAZ
 
Tool Versions:
Toolchain:       MDK-ARM Standard  Version: 5.14.0.0
Toolchain Path:  C:\Keil_v5\ARM\ARMCC\Bin
C Compiler:      Armcc.exe V5.05 update 1 (build 106)
Assembler:       Armasm.exe V5.05 update 1 (build 106)
Linker/Locator:  ArmLink.exe V5.05 update 1 (build 106)
Library Manager: ArmAr.exe V5.05 update 1 (build 106)
Hex Converter:   FromElf.exe V5.05 update 1 (build 106)
CPU DLL:         SARMCM3.DLL V5.14.0.0
Dialog DLL:      DARMSTM.DLL V1.65.0.0
Target DLL:      CMSIS_AGDI.dll V1.21.0.0
Dialog DLL:      TARMSTM.DLL V1.64.0.0
 
<h2>Project:</h2>
C:\Users\10706\Desktop\单片机资料\stm32_resource\stm32f103\zet6\常用传感器库函数汇总\USER\Template.uvprojx
Project File Date:  12/05/2021

<h2>Output:</h2>
Rebuild target 'Template'
compiling main.c...
..\sensor\sr-04\hcsr04.h(5): warning:  #1295-D: Deprecated declaration Hcsr04Init - give arg types
  void Hcsr04Init();
..\sensor\sr-04\hcsr04.h(7): warning:  #1-D: last line of file ends without a newline
  #endif
..\sensor\light\infrared.h(7): warning:  #1-D: last line of file ends without a newline
  #define INFRARED_STATE() GPIO_ReadInputDataBit(infrared_PORT,infrared_PIN)
main.c(117): warning:  #223-D: function "infrared_INIT" declared implicitly
        infrared_INIT();         
main.c(97): warning:  #177-D: variable "t" was declared but never referenced
        u8 t=0,report=1;                        
main.c(97): warning:  #177-D: variable "report" was declared but never referenced
        u8 t=0,report=1;                        
main.c(98): warning:  #177-D: variable "key" was declared but never referenced
        u8 key;
main.c(100): warning:  #177-D: variable "aacx" was declared but never referenced
        short aacx,aacy,aacz;           
main.c(100): warning:  #177-D: variable "aacy" was declared but never referenced
        short aacx,aacy,aacz;           
main.c(100): warning:  #177-D: variable "aacz" was declared but never referenced
        short aacx,aacy,aacz;           
main.c(101): warning:  #177-D: variable "gyrox" was declared but never referenced
        short gyrox,gyroy,gyroz;        
main.c(101): warning:  #177-D: variable "gyroy" was declared but never referenced
        short gyrox,gyroy,gyroz;        
main.c(101): warning:  #177-D: variable "gyroz" was declared but never referenced
        short gyrox,gyroy,gyroz;        
main.c(102): warning:  #177-D: variable "temp" was declared but never referenced
        short temp;                           //mpu6050的温度传感器                             
main.c: 14 warnings, 0 errors
compiling stm32f10x_it.c...
compiling system_stm32f10x.c...
compiling adc.c...
compiling dht22.c...
..\sensor\dht22\dht22.c(43): warning:  #61-D: integer operation result is out of range
        DHT22_IO_IN();      //杈撳叆妯″紡 
..\sensor\dht22\dht22.c(43): warning:  #68-D: integer conversion resulted in a change of sign
        DHT22_IO_IN();      //杈撳叆妯″紡 
..\sensor\dht22\dht22.c: 2 warnings, 0 errors
compiling ds18b20.c...
compiling lcd.c...
compiling led.c...
compiling infrared.c...
..\sensor\light\infrared.h(7): warning:  #1-D: last line of file ends without a newline
  #define INFRARED_STATE() GPIO_ReadInputDataBit(infrared_PORT,infrared_PIN)
..\sensor\light\infrared.c: 1 warning, 0 errors
compiling matrix_key.c...
compiling mpu6050.c...
compiling mpuiic.c...
compiling inv_mpu.c...
compiling inv_mpu_dmp_motion_driver.c...
compiling oled.c...
compiling hcsr04.c...
..\sensor\sr-04\hcsr04.h(5): warning:  #1295-D: Deprecated declaration Hcsr04Init - give arg types
  void Hcsr04Init();
..\sensor\sr-04\hcsr04.h(7): warning:  #1-D: last line of file ends without a newline
  #endif
..\sensor\sr-04\hcsr04.c(15): warning:  #1295-D: Deprecated declaration hcsr04_NVIC - give arg types
  void hcsr04_NVIC();
..\sensor\sr-04\hcsr04.c: 3 warnings, 0 errors
compiling usmart.c...
compiling usmart_config.c...
compiling usmart_str.c...
compiling delay.c...
compiling sys.c...
compiling usart.c...
compiling core_cm3.c...
assembling startup_stm32f10x_hd.s...
compiling misc.c...
compiling stm32f10x_adc.c...
compiling stm32f10x_bkp.c...
compiling stm32f10x_can.c...
compiling stm32f10x_cec.c...
compiling stm32f10x_crc.c...
compiling stm32f10x_dac.c...
compiling stm32f10x_dbgmcu.c...
compiling stm32f10x_dma.c...
compiling stm32f10x_exti.c...
compiling stm32f10x_flash.c...
compiling stm32f10x_fsmc.c...
compiling stm32f10x_gpio.c...
compiling stm32f10x_i2c.c...
compiling stm32f10x_iwdg.c...
compiling stm32f10x_pwr.c...
compiling stm32f10x_rcc.c...
compiling stm32f10x_rtc.c...
compiling stm32f10x_sdio.c...
compiling stm32f10x_spi.c...
compiling stm32f10x_tim.c...
compiling stm32f10x_usart.c...
compiling stm32f10x_wwdg.c...
linking...
Program Size: Code=36152 RO-data=4276 RW-data=460 ZI-data=1852  
FromELF: creating hex file...
"..\OBJ\Template.axf" - 0 Error(s), 20 Warning(s).

<h2>Collection of Component include folders:</h2>
  C:\Users\10706\Desktop\单片机资料\stm32_resource\stm32f103\zet6\常用传感器库函数汇总\USER\RTE
  C:\Keil_v5\ARM\PACK\Keil\STM32F1xx_DFP\1.0.5\Device\Include

<h2>Collection of Component Files used:</h2>
</pre>
</body>
</html>
