Component: ARM Compiler 5.05 update 1 (build 106) Tool: armlink [4d0efa]

==============================================================================

Section Cross References

    main.o(i.main) refers to _printf_percent.o(.ARM.Collect$$_printf_percent$$00000000) for _printf_percent
    main.o(i.main) refers to _printf_f.o(.ARM.Collect$$_printf_percent$$00000003) for _printf_f
    main.o(i.main) refers to printf1.o(x$fpl$printf1) for _printf_fp_dec
    main.o(i.main) refers to _printf_d.o(.ARM.Collect$$_printf_percent$$00000009) for _printf_d
    main.o(i.main) refers to _printf_dec.o(.text) for _printf_int_dec
    main.o(i.main) refers to misc.o(i.NVIC_PriorityGroupConfig) for NVIC_PriorityGroupConfig
    main.o(i.main) refers to usart.o(i.uart_init) for uart_init
    main.o(i.main) refers to delay.o(i.delay_init) for delay_init
    main.o(i.main) refers to mpu6050.o(i.MPU_Init) for MPU_Init
    main.o(i.main) refers to adc.o(i.Adc_Init) for Adc_Init
    main.o(i.main) refers to hcsr04.o(i.Hcsr04Init) for Hcsr04Init
    main.o(i.main) refers to matrix_key.o(i.Matrix_Key_Init) for Matrix_Key_Init
    main.o(i.main) refers to infrared.o(i.infrared_INIT) for infrared_INIT
    main.o(i.main) refers to noretval__2printf.o(.text) for __2printf
    main.o(i.main) refers to dht22.o(i.DHT22_Init) for DHT22_Init
    main.o(i.main) refers to inv_mpu.o(i.mpu_dmp_init) for mpu_dmp_init
    main.o(i.main) refers to ds18b20.o(i.DS18B20_Init) for DS18B20_Init
    main.o(i.main) refers to inv_mpu.o(i.mpu_dmp_get_data) for mpu_dmp_get_data
    main.o(i.main) refers to f2d.o(x$fpl$f2d) for __aeabi_f2d
    main.o(i.main) refers to dht22.o(i.DHT22_Read_Data) for DHT22_Read_Data
    main.o(i.main) refers to ds18b20.o(i.DS18B20_Get_Temp) for DS18B20_Get_Temp
    main.o(i.main) refers to fflt_clz.o(x$fpl$fflt) for __aeabi_i2f
    main.o(i.main) refers to adc.o(i.Get_Adc_Average) for Get_Adc_Average
    main.o(i.main) refers to hcsr04.o(i.Hcsr04GetLength) for Hcsr04GetLength
    main.o(i.main) refers to stm32f10x_gpio.o(i.GPIO_ReadInputDataBit) for GPIO_ReadInputDataBit
    main.o(i.main) refers to matrix_key.o(i.Matrix_Key_Test) for Matrix_Key_Test
    main.o(i.main) refers to usmart_config.o(.data) for usmart_dev
    main.o(i.main) refers to matrix_key.o(.data) for N
    system_stm32f10x.o(i.SetSysClock) refers to system_stm32f10x.o(i.SetSysClockTo72) for SetSysClockTo72
    system_stm32f10x.o(i.SystemCoreClockUpdate) refers to system_stm32f10x.o(.data) for SystemCoreClock
    system_stm32f10x.o(i.SystemInit) refers to system_stm32f10x.o(i.SetSysClock) for SetSysClock
    adc.o(i.Adc_Init) refers to stm32f10x_rcc.o(i.RCC_APB2PeriphClockCmd) for RCC_APB2PeriphClockCmd
    adc.o(i.Adc_Init) refers to stm32f10x_rcc.o(i.RCC_ADCCLKConfig) for RCC_ADCCLKConfig
    adc.o(i.Adc_Init) refers to stm32f10x_gpio.o(i.GPIO_Init) for GPIO_Init
    adc.o(i.Adc_Init) refers to stm32f10x_adc.o(i.ADC_DeInit) for ADC_DeInit
    adc.o(i.Adc_Init) refers to stm32f10x_adc.o(i.ADC_Init) for ADC_Init
    adc.o(i.Adc_Init) refers to stm32f10x_adc.o(i.ADC_Cmd) for ADC_Cmd
    adc.o(i.Adc_Init) refers to stm32f10x_adc.o(i.ADC_ResetCalibration) for ADC_ResetCalibration
    adc.o(i.Adc_Init) refers to stm32f10x_adc.o(i.ADC_GetResetCalibrationStatus) for ADC_GetResetCalibrationStatus
    adc.o(i.Adc_Init) refers to stm32f10x_adc.o(i.ADC_StartCalibration) for ADC_StartCalibration
    adc.o(i.Adc_Init) refers to stm32f10x_adc.o(i.ADC_GetCalibrationStatus) for ADC_GetCalibrationStatus
    adc.o(i.Get_Adc) refers to stm32f10x_adc.o(i.ADC_RegularChannelConfig) for ADC_RegularChannelConfig
    adc.o(i.Get_Adc) refers to stm32f10x_adc.o(i.ADC_SoftwareStartConvCmd) for ADC_SoftwareStartConvCmd
    adc.o(i.Get_Adc) refers to stm32f10x_adc.o(i.ADC_GetFlagStatus) for ADC_GetFlagStatus
    adc.o(i.Get_Adc) refers to stm32f10x_adc.o(i.ADC_GetConversionValue) for ADC_GetConversionValue
    adc.o(i.Get_Adc_Average) refers to adc.o(i.Get_Adc) for Get_Adc
    adc.o(i.Get_Adc_Average) refers to delay.o(i.delay_ms) for delay_ms
    dht22.o(i.DHT22_Check) refers to delay.o(i.delay_us) for delay_us
    dht22.o(i.DHT22_Init) refers to stm32f10x_rcc.o(i.RCC_APB2PeriphClockCmd) for RCC_APB2PeriphClockCmd
    dht22.o(i.DHT22_Init) refers to stm32f10x_gpio.o(i.GPIO_Init) for GPIO_Init
    dht22.o(i.DHT22_Init) refers to stm32f10x_gpio.o(i.GPIO_SetBits) for GPIO_SetBits
    dht22.o(i.DHT22_Init) refers to dht22.o(i.DHT22_Rst) for DHT22_Rst
    dht22.o(i.DHT22_Init) refers to dht22.o(i.DHT22_Check) for DHT22_Check
    dht22.o(i.DHT22_Read_Bit) refers to delay.o(i.delay_us) for delay_us
    dht22.o(i.DHT22_Read_Byte) refers to dht22.o(i.DHT22_Read_Bit) for DHT22_Read_Bit
    dht22.o(i.DHT22_Read_Data) refers to dht22.o(i.DHT22_Rst) for DHT22_Rst
    dht22.o(i.DHT22_Read_Data) refers to dht22.o(i.DHT22_Check) for DHT22_Check
    dht22.o(i.DHT22_Read_Data) refers to dht22.o(i.DHT22_Read_Byte) for DHT22_Read_Byte
[...]
    _signal_finish                            - Undefined Weak Reference
    _signal_init                              - Undefined Weak Reference
    _terminate_alloc                          - Undefined Weak Reference
    _terminate_user_alloc                     - Undefined Weak Reference
    _terminateio                              - Undefined Weak Reference
    __Vectors_Size                           0x00000130   Number         0  startup_stm32f10x_hd.o ABSOLUTE
    __Vectors                                0x08000000   Data           4  startup_stm32f10x_hd.o(RESET)
    __Vectors_End                            0x08000130   Data           0  startup_stm32f10x_hd.o(RESET)
    __main                                   0x08000131   Thumb Code     8  __main.o(!!!main)
    __scatterload                            0x08000139   Thumb Code     0  __scatter.o(!!!scatter)
    __scatterload_rt2                        0x08000139   Thumb Code    44  __scatter.o(!!!scatter)
    __scatterload_rt2_thumb_only             0x08000139   Thumb Code     0  __scatter.o(!!!scatter)
    __scatterload_null                       0x08000147   Thumb Code     0  __scatter.o(!!!scatter)
    __decompress                             0x0800016d   Thumb Code    90  __dczerorl2.o(!!dczerorl2)
    __decompress1                            0x0800016d   Thumb Code     0  __dczerorl2.o(!!dczerorl2)
    __scatterload_zeroinit                   0x080001c9   Thumb Code    28  __scatter_zi.o(!!handler_zi)
    _printf_f                                0x080001e5   Thumb Code     0  _printf_f.o(.ARM.Collect$$_printf_percent$$00000003)
    _printf_percent                          0x080001e5   Thumb Code     0  _printf_percent.o(.ARM.Collect$$_printf_percent$$00000000)
    _printf_d                                0x080001eb   Thumb Code     0  _printf_d.o(.ARM.Collect$$_printf_percent$$00000009)
    _printf_u                                0x080001f1   Thumb Code     0  _printf_u.o(.ARM.Collect$$_printf_percent$$0000000A)
    _printf_x                                0x080001f7   Thumb Code     0  _printf_x.o(.ARM.Collect$$_printf_percent$$0000000C)
    _printf_c                                0x080001fd   Thumb Code     0  _printf_c.o(.ARM.Collect$$_printf_percent$$00000013)
    _printf_s                                0x08000203   Thumb Code     0  _printf_s.o(.ARM.Collect$$_printf_percent$$00000014)
    _printf_percent_end                      0x08000209   Thumb Code     0  _printf_percent_end.o(.ARM.Collect$$_printf_percent$$00000017)
    __rt_lib_init                            0x0800020d   Thumb Code     0  libinit.o(.ARM.Collect$$libinit$$00000000)
    __rt_lib_init_fp_1                       0x0800020f   Thumb Code     0  libinit2.o(.ARM.Collect$$libinit$$00000002)
    __rt_lib_init_heap_1                     0x0800020f   Thumb Code     0  libinit2.o(.ARM.Collect$$libinit$$0000000A)
    __rt_lib_init_lc_common                  0x0800020f   Thumb Code     0  libinit2.o(.ARM.Collect$$libinit$$0000000F)
    __rt_lib_init_preinit_1                  0x0800020f   Thumb Code     0  libinit2.o(.ARM.Collect$$libinit$$00000004)
    __rt_lib_init_rand_1                     0x0800020f   Thumb Code     0  libinit2.o(.ARM.Collect$$libinit$$0000000E)
    __rt_lib_init_user_alloc_1               0x0800020f   Thumb Code     0  libinit2.o(.ARM.Collect$$libinit$$0000000C)
    __rt_lib_init_lc_collate_1               0x08000215   Thumb Code     0  libinit2.o(.ARM.Collect$$libinit$$00000011)
    __rt_lib_init_lc_ctype_1                 0x08000215   Thumb Code     0  libinit2.o(.ARM.Collect$$libinit$$00000013)
    __rt_lib_init_lc_monetary_1              0x08000215   Thumb Code     0  libinit2.o(.ARM.Collect$$libinit$$00000015)
    __rt_lib_init_lc_numeric_2               0x08000215   Thumb Code     0  libinit2.o(.ARM.Collect$$libinit$$00000016)
    __rt_lib_init_alloca_1                   0x0800021f   Thumb Code     0  libinit2.o(.ARM.Collect$$libinit$$0000002E)
    __rt_lib_init_argv_1                     0x0800021f   Thumb Code     0  libinit2.o(.ARM.Collect$$libinit$$0000002C)
    __rt_lib_init_atexit_1                   0x0800021f   Thumb Code     0  libinit2.o(.ARM.Collect$$libinit$$0000001B)
    __rt_lib_init_clock_1                    0x0800021f   Thumb Code     0  libinit2.o(.ARM.Collect$$libinit$$00000021)
    __rt_lib_init_cpp_1                      0x0800021f   Thumb Code     0  libinit2.o(.ARM.Collect$$libinit$$00000032)
    __rt_lib_init_exceptions_1               0x0800021f   Thumb Code     0  libinit2.o(.ARM.Collect$$libinit$$00000030)
    __rt_lib_init_fp_trap_1                  0x0800021f   Thumb Code     0  libinit2.o(.ARM.Collect$$libinit$$0000001F)
    __rt_lib_init_getenv_1                   0x0800021f   Thumb Code     0  libinit2.o(.ARM.Collect$$libinit$$00000023)
    __rt_lib_init_lc_numeric_1               0x0800021f   Thumb Code     0  libinit2.o(.ARM.Collect$$libinit$$00000017)
    __rt_lib_init_lc_time_1                  0x0800021f   Thumb Code     0  libinit2.o(.ARM.Collect$$libinit$$00000019)
    __rt_lib_init_return                     0x0800021f   Thumb Code     0  libinit2.o(.ARM.Collect$$libinit$$00000033)
    __rt_lib_init_signal_1                   0x0800021f   Thumb Code     0  libinit2.o(.ARM.Collect$$libinit$$0000001D)
    __rt_lib_init_stdio_1                    0x0800021f   Thumb Code     0  libinit2.o(.ARM.Collect$$libinit$$00000025)
    __rt_lib_shutdown                        0x08000221   Thumb Code     0  libshutdown.o(.ARM.Collect$$libshutdown$$00000000)
    __rt_lib_shutdown_fp_trap_1              0x08000223   Thumb Code     0  libshutdown2.o(.ARM.Collect$$libshutdown$$00000006)
    __rt_lib_shutdown_heap_1                 0x08000223   Thumb Code     0  libshutdown2.o(.ARM.Collect$$libshutdown$$0000000E)
    __rt_lib_shutdown_return                 0x08000223   Thumb Code     0  libshutdown2.o(.ARM.Collect$$libshutdown$$0000000F)
    __rt_lib_shutdown_signal_1               0x08000223   Thumb Code     0  libshutdown2.o(.ARM.Collect$$libshutdown$$00000009)
    __rt_lib_shutdown_stdio_1                0x08000223   Thumb Code     0  libshutdown2.o(.ARM.Collect$$libshutdown$$00000003)
    __rt_lib_shutdown_user_alloc_1           0x08000223   Thumb Code     0  libshutdown2.o(.ARM.Collect$$libshutdown$$0000000B)
    __rt_entry                               0x08000225   Thumb Code     0  __rtentry.o(.ARM.Collect$$rtentry$$00000000)
    __rt_entry_presh_1                       0x08000225   Thumb Code     0  __rtentry2.o(.ARM.Collect$$rtentry$$00000002)
    __rt_entry_sh                            0x08000225   Thumb Code     0  __rtentry4.o(.ARM.Collect$$rtentry$$00000004)
    __rt_entry_li                            0x0800022b   Thumb Code     0  __rtentry2.o(.ARM.Collect$$rtentry$$0000000A)
    __rt_entry_postsh_1                      0x0800022b   Thumb Code     0  __rtentry2.o(.ARM.Collect$$rtentry$$00000009)
    __rt_entry_main                          0x0800022f   Thumb Code     0  __rtentry2.o(.ARM.Collect$$rtentry$$0000000D)
    __rt_entry_postli_1                      0x0800022f   Thumb Code     0  __rtentry2.o(.ARM.Collect$$rtentry$$0000000C)
    __rt_exit                                0x08000237   Thumb Code     0  rtexit.o(.ARM.Collect$$rtexit$$00000000)
    __rt_exit_ls                             0x08000239   Thumb Code     0  rtexit2.o(.ARM.Collect$$rtexit$$00000003)
    __rt_exit_prels_1                        0x08000239   Thumb Code     0  rtexit2.o(.ARM.Collect$$rtexit$$00000002)
    __rt_exit_exit                           0x0800023d   Thumb Code     0  rtexit2.o(.ARM.Collect$$rtexit$$00000004)
    Reset_Handler                            0x08000245   Thumb Code     8  startup_stm32f10x_hd.o(.text)
    ADC1_2_IRQHandler                        0x0800025f   Thumb Code     0  startup_stm32f10x_hd.o(.text)
    ADC3_IRQHandler                          0x0800025f   Thumb Code     0  startup_stm32f10x_hd.o(.text)
    CAN1_RX1_IRQHandler                      0x0800025f   Thumb Code     0  startup_stm32f10x_hd.o(.text)
    CAN1_SCE_IRQHandler                      0x0800025f   Thumb Code     0  startup_stm32f10x_hd.o(.text)
    DMA1_Channel1_IRQHandler                 0x0800025f   Thumb Code     0  startup_stm32f10x_hd.o(.text)
    DMA1_Channel2_IRQHandler                 0x0800025f   Thumb Code     0  startup_stm32f10x_hd.o(.text)
    DMA1_Channel3_IRQHandler                 0x0800025f   Thumb Code     0  startup_stm32f10x_hd.o(.text)
    DMA1_Channel4_IRQHandler                 0x0800025f   Thumb Code     0  startup_stm32f10x_hd.o(.text)
    DMA1_Channel5_IRQHandler                 0x0800025f   Thumb Code     0  startup_stm32f10x_hd.o(.text)
    DMA1_Channel6_IRQHandler                 0x0800025f   Thumb Code     0  startup_stm32f10x_hd.o(.text)
    DMA1_Channel7_IRQHandler                 0x0800025f   Thumb Code     0  startup_stm32f10x_hd.o(.text)
    DMA2_Channel1_IRQHandler                 0x0800025f   Thumb Code     0  startup_stm32f10x_hd.o(.text)
    DMA2_Channel2_IRQHandler                 0x0800025f   Thumb Code     0  startup_stm32f10x_hd.o(.text)
    DMA2_Channel3_IRQHandler                 0x0800025f   Thumb Code     0  startup_stm32f10x_hd.o(.text)
    DMA2_Channel4_5_IRQHandler               0x0800025f   Thumb Code     0  startup_stm32f10x_hd.o(.text)
    EXTI0_IRQHandler                         0x0800025f   Thumb Code     0  startup_stm32f10x_hd.o(.text)
    EXTI15_10_IRQHandler                     0x0800025f   Thumb Code     0  startup_stm32f10x_hd.o(.text)
    EXTI1_IRQHandler                         0x0800025f   Thumb Code     0  startup_stm32f10x_hd.o(.text)
    EXTI2_IRQHandler                         0x0800025f   Thumb Code     0  startup_stm32f10x_hd.o(.text)
    EXTI3_IRQHandler                         0x0800025f   Thumb Code     0  startup_stm32f10x_hd.o(.text)
    EXTI4_IRQHandler                         0x0800025f   Thumb Code     0  startup_stm32f10x_hd.o(.text)
    EXTI9_5_IRQHandler                       0x0800025f   Thumb Code     0  startup_stm32f10x_hd.o(.text)
    FLASH_IRQHandler                         0x0800025f   Thumb Code     0  startup_stm32f10x_hd.o(.text)
    FSMC_IRQHandler                          0x0800025f   Thumb Code     0  startup_stm32f10x_hd.o(.text)
    I2C1_ER_IRQHandler                       0x0800025f   Thumb Code     0  startup_stm32f10x_hd.o(.text)
    I2C1_EV_IRQHandler                       0x0800025f   Thumb Code     0  startup_stm32f10x_hd.o(.text)
    I2C2_ER_IRQHandler                       0x0800025f   Thumb Code     0  startup_stm32f10x_hd.o(.text)
    I2C2_EV_IRQHandler                       0x0800025f   Thumb Code     0  startup_stm32f10x_hd.o(.text)
    PVD_IRQHandler                           0x0800025f   Thumb Code     0  startup_stm32f10x_hd.o(.text)
    RCC_IRQHandler                           0x0800025f   Thumb Code     0  startup_stm32f10x_hd.o(.text)
    RTCAlarm_IRQHandler                      0x0800025f   Thumb Code     0  startup_stm32f10x_hd.o(.text)
    RTC_IRQHandler                           0x0800025f   Thumb Code     0  startup_stm32f10x_hd.o(.text)
    SDIO_IRQHandler                          0x0800025f   Thumb Code     0  startup_stm32f10x_hd.o(.text)
    SPI1_IRQHandler                          0x0800025f   Thumb Code     0  startup_stm32f10x_hd.o(.text)
    SPI2_IRQHandler                          0x0800025f   Thumb Code     0  startup_stm32f10x_hd.o(.text)
    SPI3_IRQHandler                          0x0800025f   Thumb Code     0  startup_stm32f10x_hd.o(.text)
    TAMPER_IRQHandler                        0x0800025f   Thumb Code     0  startup_stm32f10x_hd.o(.text)
    TIM1_BRK_IRQHandler                      0x0800025f   Thumb Code     0  startup_stm32f10x_hd.o(.text)
    TIM1_CC_IRQHandler                       0x0800025f   Thumb Code     0  startup_stm32f10x_hd.o(.text)
    TIM1_TRG_COM_IRQHandler                  0x0800025f   Thumb Code     0  startup_stm32f10x_hd.o(.text)
    TIM1_UP_IRQHandler                       0x0800025f   Thumb Code     0  startup_stm32f10x_hd.o(.text)
    TIM2_IRQHandler                          0x0800025f   Thumb Code     0  startup_stm32f10x_hd.o(.text)
    TIM3_IRQHandler                          0x0800025f   Thumb Code     0  startup_stm32f10x_hd.o(.text)
    TIM5_IRQHandler                          0x0800025f   Thumb Code     0  startup_stm32f10x_hd.o(.text)
    TIM7_IRQHandler                          0x0800025f   Thumb Code     0  startup_stm32f10x_hd.o(.text)
    TIM8_BRK_IRQHandler                      0x0800025f   Thumb Code     0  startup_stm32f10x_hd.o(.text)
    TIM8_CC_IRQHandler                       0x0800025f   Thumb Code     0  startup_stm32f10x_hd.o(.text)
    TIM8_TRG_COM_IRQHandler                  0x0800025f   Thumb Code     0  startup_stm32f10x_hd.o(.text)
    TIM8_UP_IRQHandler                       0x0800025f   Thumb Code     0  startup_stm32f10x_hd.o(.text)
    UART4_IRQHandler                         0x0800025f   Thumb Code     0  startup_stm32f10x_hd.o(.text)
    UART5_IRQHandler                         0x0800025f   Thumb Code     0  startup_stm32f10x_hd.o(.text)
    USART2_IRQHandler                        0x0800025f   Thumb Code     0  startup_stm32f10x_hd.o(.text)
    USART3_IRQHandler                        0x0800025f   Thumb Code     0  startup_stm32f10x_hd.o(.text)
    USBWakeUp_IRQHandler                     0x0800025f   Thumb Code     0  startup_stm32f10x_hd.o(.text)
    USB_HP_CAN1_TX_IRQHandler                0x0800025f   Thumb Code     0  startup_stm32f10x_hd.o(.text)
    USB_LP_CAN1_RX0_IRQHandler               0x0800025f   Thumb Code     0  startup_stm32f10x_hd.o(.text)
    WWDG_IRQHandler                          0x0800025f   Thumb Code     0  startup_stm32f10x_hd.o(.text)
    __user_initial_stackheap                 0x08000261   Thumb Code     0  startup_stm32f10x_hd.o(.text)
    __use_no_semihosting                     0x08000285   Thumb Code     2  use_no_semi_2.o(.text)
    __aeabi_ldivmod                          0x08000287   Thumb Code     0  llsdiv.o(.text)
    _ll_sdiv                                 0x08000287   Thumb Code    72  llsdiv.o(.text)
    __2printf                                0x080002d1   Thumb Code    20  noretval__2printf.o(.text)
    _printf_pre_padding                      0x080002e9   Thumb Code    44  _printf_pad.o(.text)
    _printf_post_padding                     0x08000315   Thumb Code    34  _printf_pad.o(.text)
    _printf_str                              0x08000337   Thumb Code    82  _printf_str.o(.text)
    _printf_int_dec                          0x08000389   Thumb Code   104  _printf_dec.o(.text)
    _printf_int_hex                          0x08000401   Thumb Code    84  _printf_hex_int.o(.text)
    _printf_longlong_hex                     0x08000401   Thumb Code     0  _printf_hex_int.o(.text)
    __printf                                 0x08000459   Thumb Code   388  __printf_flags_ss_wp.o(.text)
    memcmp                                   0x080005e1   Thumb Code    88  memcmp.o(.text)
    __aeabi_memset                           0x08000639   Thumb Code    16  aeabi_memset.o(.text)
    __use_two_region_memory                  0x08000649   Thumb Code     2  heapauxi.o(.text)
    __rt_heap_escrow$2region                 0x0800064b   Thumb Code     2  heapauxi.o(.text)
    __rt_heap_expand$2region                 0x0800064d   Thumb Code     2  heapauxi.o(.text)
    __I$use$semihosting                      0x0800064f   Thumb Code     0  use_no_semi.o(.text)
    __use_no_semihosting_swi                 0x0800064f   Thumb Code     2  use_no_semi.o(.text)
    __aeabi_uldivmod                         0x08000651   Thumb Code     0  lludivv7m.o(.text)
    _ll_udiv                                 0x08000651   Thumb Code   238  lludivv7m.o(.text)
    __read_errno                             0x0800073f   Thumb Code    10  _rserrno.o(.text)
    __set_errno                              0x08000749   Thumb Code    12  _rserrno.o(.text)
    _printf_int_common                       0x08000755   Thumb Code   178  _printf_intcommon.o(.text)
    __lib_sel_fp_printf                      0x08000807   Thumb Code     2  _printf_fp_dec.o(.text)
    _printf_fp_dec_real                      0x080009b5   Thumb Code   620  _printf_fp_dec.o(.text)
    _printf_cs_common                        0x08000c21   Thumb Code    20  _printf_char.o(.text)
    _printf_char                             0x08000c35   Thumb Code    16  _printf_char.o(.text)
    _printf_string                           0x08000c45   Thumb Code     8  _printf_char.o(.text)
    _printf_char_file                        0x08000c4d   Thumb Code    32  _printf_char_file.o(.text)
    __aeabi_memclr                           0x08000c71   Thumb Code     0  rt_memclr.o(.text)
    __rt_memclr                              0x08000c71   Thumb Code    68  rt_memclr.o(.text)
    _memset                                  0x08000c75   Thumb Code     0  rt_memclr.o(.text)
    __rt_locale                              0x08000cb5   Thumb Code     8  rt_locale_intlibspace.o(.text)
    __aeabi_errno_addr                       0x08000cbd   Thumb Code     8  rt_errno_addr_intlibspace.o(.text)
    __errno$intlibspace                      0x08000cbd   Thumb Code     0  rt_errno_addr_intlibspace.o(.text)
    __rt_errno_addr$intlibspace              0x08000cbd   Thumb Code     0  rt_errno_addr_intlibspace.o(.text)
    _ll_udiv10                               0x08000cc5   Thumb Code   138  lludiv10.o(.text)
    _printf_char_common                      0x08000d5b   Thumb Code    32  _printf_char_common.o(.text)
    _printf_fp_infnan                        0x08000d81   Thumb Code   112  _printf_fp_infnan.o(.text)
    _btod_etento                             0x08000e01   Thumb Code   216  bigflt0.o(.text)
    ferror                                   0x08000edd   Thumb Code     8  ferror.o(.text)
    __aeabi_memclr4                          0x08000ee5   Thumb Code     0  rt_memclr_w.o(.text)
    __aeabi_memclr8                          0x08000ee5   Thumb Code     0  rt_memclr_w.o(.text)
    __rt_memclr_w                            0x08000ee5   Thumb Code    78  rt_memclr_w.o(.text)
    _memset_w                                0x08000ee9   Thumb Code     0  rt_memclr_w.o(.text)
    __user_libspace                          0x08000f35   Thumb Code     8  libspace.o(.text)
    __user_perproc_libspace                  0x08000f35   Thumb Code     0  libspace.o(.text)
    __user_perthread_libspace                0x08000f35   Thumb Code     0  libspace.o(.text)
    __user_setup_stackheap                   0x08000f3d   Thumb Code    74  sys_stackheap_outer.o(.text)
    exit                                     0x08000f87   Thumb Code    12  exit.o(.text)
    strcmp                                   0x08000f95   Thumb Code   128  strcmpv7m.o(.text)
    _btod_d2e                                0x08001015   Thumb Code    62  btod.o(CL$$btod_d2e)
    _d2e_denorm_low                          0x08001053   Thumb Code    70  btod.o(CL$$btod_d2e_denorm_low)
    _d2e_norm_op1                            0x08001099   Thumb Code    96  btod.o(CL$$btod_d2e_norm_op1)
    __btod_div_common                        0x080010f9   Thumb Code   696  btod.o(CL$$btod_div_common)
    _e2e                                     0x08001431   Thumb Code   198  btod.o(CL$$btod_e2e)
    _btod_ediv                               0x080014f7   Thumb Code    40  btod.o(CL$$btod_ediv)
    _btod_emul                               0x0800151f   Thumb Code    40  btod.o(CL$$btod_emul)
    __btod_mult_common                       0x08001547   Thumb Code   580  btod.o(CL$$btod_mult_common)
    ADC_Cmd                                  0x0800178b   Thumb Code    22  stm32f10x_adc.o(i.ADC_Cmd)
    ADC_DeInit                               0x080017a1   Thumb Code    78  stm32f10x_adc.o(i.ADC_DeInit)
    ADC_GetCalibrationStatus                 0x080017fd   Thumb Code    20  stm32f10x_adc.o(i.ADC_GetCalibrationStatus)
    ADC_GetConversionValue                   0x08001811   Thumb Code     8  stm32f10x_adc.o(i.ADC_GetConversionValue)
    ADC_GetFlagStatus                        0x08001819   Thumb Code    18  stm32f10x_adc.o(i.ADC_GetFlagStatus)
    ADC_GetResetCalibrationStatus            0x0800182b   Thumb Code    20  stm32f10x_adc.o(i.ADC_GetResetCalibrationStatus)
    ADC_Init                                 0x08001841   Thumb Code    70  stm32f10x_adc.o(i.ADC_Init)
    ADC_RegularChannelConfig                 0x08001891   Thumb Code   184  stm32f10x_adc.o(i.ADC_RegularChannelConfig)
    ADC_ResetCalibration                     0x08001949   Thumb Code    10  stm32f10x_adc.o(i.ADC_ResetCalibration)
    ADC_SoftwareStartConvCmd                 0x08001953   Thumb Code    22  stm32f10x_adc.o(i.ADC_SoftwareStartConvCmd)
    ADC_StartCalibration                     0x08001969   Thumb Code    10  stm32f10x_adc.o(i.ADC_StartCalibration)
    Adc_Init                                 0x08001975   Thumb Code   136  adc.o(i.Adc_Init)
    BusFault_Handler                         0x08001a05   Thumb Code     4  stm32f10x_it.o(i.BusFault_Handler)
    DHT22_Init                               0x08001a7d   Thumb Code    54  dht22.o(i.DHT22_Init)
    DHT22_Read_Data                          0x08001b25   Thumb Code   196  dht22.o(i.DHT22_Read_Data)
    DS18B20_Check                            0x08001c2d   Thumb Code    92  ds18b20.o(i.DS18B20_Check)
    DS18B20_Get_Temp                         0x08001c91   Thumb Code   136  ds18b20.o(i.DS18B20_Get_Temp)
    DS18B20_Init                             0x08001d1d   Thumb Code    58  ds18b20.o(i.DS18B20_Init)
    DS18B20_Read_Bit                         0x08001d5d   Thumb Code    96  ds18b20.o(i.DS18B20_Read_Bit)
    DS18B20_Read_Byte                        0x08001dc9   Thumb Code    34  ds18b20.o(i.DS18B20_Read_Byte)
    DS18B20_Rst                              0x08001ded   Thumb Code    54  ds18b20.o(i.DS18B20_Rst)
    DS18B20_Start                            0x08001e31   Thumb Code    24  ds18b20.o(i.DS18B20_Start)
    DS18B20_Write_Byte                       0x08001e49   Thumb Code   102  ds18b20.o(i.DS18B20_Write_Byte)
    DebugMon_Handler                         0x08001ebd   Thumb Code     2  stm32f10x_it.o(i.DebugMon_Handler)
    Delay_Ms                                 0x08001ebf   Thumb Code    30  hcsr04.o(i.Delay_Ms)
    Delay_Us                                 0x08001edd   Thumb Code    26  hcsr04.o(i.Delay_Us)
    GPIO_Init                                0x08001ef7   Thumb Code   278  stm32f10x_gpio.o(i.GPIO_Init)
    GPIO_PinRemapConfig                      0x0800200d   Thumb Code   138  stm32f10x_gpio.o(i.GPIO_PinRemapConfig)
    GPIO_ReadInputDataBit                    0x0800209d   Thumb Code    18  stm32f10x_gpio.o(i.GPIO_ReadInputDataBit)
    GPIO_ResetBits                           0x080020af   Thumb Code     4  stm32f10x_gpio.o(i.GPIO_ResetBits)
    GPIO_SetBits                             0x080020b3   Thumb Code     4  stm32f10x_gpio.o(i.GPIO_SetBits)
    GetEchoTimer                             0x080020b9   Thumb Code    40  hcsr04.o(i.GetEchoTimer)
    Get_Adc                                  0x080020e9   Thumb Code    70  adc.o(i.Get_Adc)
    Get_Adc_Average                          0x08002135   Thumb Code    46  adc.o(i.Get_Adc_Average)
    HardFault_Handler                        0x08002163   Thumb Code     4  stm32f10x_it.o(i.HardFault_Handler)
    Hcsr04GetLength                          0x08002169   Thumb Code   150  hcsr04.o(i.Hcsr04GetLength)
    Hcsr04Init                               0x08002211   Thumb Code   156  hcsr04.o(i.Hcsr04Init)
    MPU_Get_Temperature                      0x080022b5   Thumb Code    86  mpu6050.o(i.MPU_Get_Temperature)
    MPU_IIC_Ack                              0x0800231d   Thumb Code    62  mpuiic.o(i.MPU_IIC_Ack)
    MPU_IIC_Delay                            0x08002369   Thumb Code    10  mpuiic.o(i.MPU_IIC_Delay)
    MPU_IIC_Init                             0x08002375   Thumb Code    50  mpuiic.o(i.MPU_IIC_Init)
    MPU_IIC_NAck                             0x080023ad   Thumb Code    62  mpuiic.o(i.MPU_IIC_NAck)
    MPU_IIC_Read_Byte                        0x080023f9   Thumb Code    94  mpuiic.o(i.MPU_IIC_Read_Byte)
    MPU_IIC_Send_Byte                        0x08002465   Thumb Code    80  mpuiic.o(i.MPU_IIC_Send_Byte)
    MPU_IIC_Start                            0x080024c1   Thumb Code    60  mpuiic.o(i.MPU_IIC_Start)
    MPU_IIC_Stop                             0x08002509   Thumb Code    58  mpuiic.o(i.MPU_IIC_Stop)
    MPU_IIC_Wait_Ack                         0x08002551   Thumb Code    86  mpuiic.o(i.MPU_IIC_Wait_Ack)
    MPU_Init                                 0x080025b5   Thumb Code   180  mpu6050.o(i.MPU_Init)
    MPU_Read_Byte                            0x08002675   Thumb Code    58  mpu6050.o(i.MPU_Read_Byte)
    MPU_Read_Len                             0x080026af   Thumb Code   116  mpu6050.o(i.MPU_Read_Len)
    MPU_Set_Accel_Fsr                        0x08002723   Thumb Code    16  mpu6050.o(i.MPU_Set_Accel_Fsr)
    MPU_Set_Gyro_Fsr                         0x08002733   Thumb Code    16  mpu6050.o(i.MPU_Set_Gyro_Fsr)
    MPU_Set_LPF                              0x08002743   Thumb Code    58  mpu6050.o(i.MPU_Set_LPF)
    MPU_Set_Rate                             0x0800277d   Thumb Code    58  mpu6050.o(i.MPU_Set_Rate)
    MPU_Write_Byte                           0x080027b7   Thumb Code    68  mpu6050.o(i.MPU_Write_Byte)
    MPU_Write_Len                            0x080027fb   Thumb Code    96  mpu6050.o(i.MPU_Write_Len)
    Matrix_Key_Init                          0x0800285d   Thumb Code   234  matrix_key.o(i.Matrix_Key_Init)
    Matrix_Key_Scan                          0x08002951   Thumb Code   988  matrix_key.o(i.Matrix_Key_Scan)
    Matrix_Key_Test                          0x08002d45   Thumb Code   412  matrix_key.o(i.Matrix_Key_Test)
    MemManage_Handler                        0x08002eed   Thumb Code     4  stm32f10x_it.o(i.MemManage_Handler)
    NMI_Handler                              0x08002ef1   Thumb Code     2  stm32f10x_it.o(i.NMI_Handler)
    NVIC_Init                                0x08002ef5   Thumb Code   100  misc.o(i.NVIC_Init)
    NVIC_PriorityGroupConfig                 0x08002f65   Thumb Code    10  misc.o(i.NVIC_PriorityGroupConfig)
    PendSV_Handler                           0x08002f9d   Thumb Code     2  stm32f10x_it.o(i.PendSV_Handler)
    RCC_ADCCLKConfig                         0x08002fa1   Thumb Code    18  stm32f10x_rcc.o(i.RCC_ADCCLKConfig)
    RCC_APB1PeriphClockCmd                   0x08002fb9   Thumb Code    26  stm32f10x_rcc.o(i.RCC_APB1PeriphClockCmd)
    RCC_APB1PeriphResetCmd                   0x08002fd9   Thumb Code    26  stm32f10x_rcc.o(i.RCC_APB1PeriphResetCmd)
    RCC_APB2PeriphClockCmd                   0x08002ff9   Thumb Code    26  stm32f10x_rcc.o(i.RCC_APB2PeriphClockCmd)
    RCC_APB2PeriphResetCmd                   0x08003019   Thumb Code    26  stm32f10x_rcc.o(i.RCC_APB2PeriphResetCmd)
    RCC_GetClocksFreq                        0x08003039   Thumb Code   192  stm32f10x_rcc.o(i.RCC_GetClocksFreq)
    SVC_Handler                              0x0800310d   Thumb Code     2  stm32f10x_it.o(i.SVC_Handler)
    SysTick_CLKSourceConfig                  0x080031f9   Thumb Code    40  misc.o(i.SysTick_CLKSourceConfig)
    SysTick_Handler                          0x08003221   Thumb Code     2  stm32f10x_it.o(i.SysTick_Handler)
    SystemInit                               0x08003225   Thumb Code    78  system_stm32f10x.o(i.SystemInit)
    TIM4_IRQHandler                          0x08003285   Thumb Code    46  usmart.o(i.TIM4_IRQHandler)
    TIM6_IRQHandler                          0x080032bd   Thumb Code    32  hcsr04.o(i.TIM6_IRQHandler)
    TIM_ClearFlag                            0x080032e5   Thumb Code     6  stm32f10x_tim.o(i.TIM_ClearFlag)
    TIM_ClearITPendingBit                    0x080032eb   Thumb Code     6  stm32f10x_tim.o(i.TIM_ClearITPendingBit)
    TIM_Cmd                                  0x080032f1   Thumb Code    24  stm32f10x_tim.o(i.TIM_Cmd)
    TIM_DeInit                               0x08003309   Thumb Code   424  stm32f10x_tim.o(i.TIM_DeInit)
    TIM_GetCounter                           0x080034f1   Thumb Code     6  stm32f10x_tim.o(i.TIM_GetCounter)
    TIM_GetFlagStatus                        0x080034f7   Thumb Code    18  stm32f10x_tim.o(i.TIM_GetFlagStatus)
    TIM_GetITStatus                          0x08003509   Thumb Code    34  stm32f10x_tim.o(i.TIM_GetITStatus)
    TIM_ITConfig                             0x0800352b   Thumb Code    18  stm32f10x_tim.o(i.TIM_ITConfig)
    TIM_SetAutoreload                        0x0800353d   Thumb Code     4  stm32f10x_tim.o(i.TIM_SetAutoreload)
    TIM_SetCounter                           0x08003541   Thumb Code     4  stm32f10x_tim.o(i.TIM_SetCounter)
    TIM_TimeBaseInit                         0x08003545   Thumb Code   122  stm32f10x_tim.o(i.TIM_TimeBaseInit)
    Timer4_Init                              0x080035e9   Thumb Code    88  usmart.o(i.Timer4_Init)
    USART1_IRQHandler                        0x08003645   Thumb Code   122  usart.o(i.USART1_IRQHandler)
    USART_Cmd                                0x080036cd   Thumb Code    24  stm32f10x_usart.o(i.USART_Cmd)
    USART_GetITStatus                        0x080036e5   Thumb Code    84  stm32f10x_usart.o(i.USART_GetITStatus)
    USART_ITConfig                           0x08003739   Thumb Code    74  stm32f10x_usart.o(i.USART_ITConfig)
    USART_Init                               0x08003785   Thumb Code   210  stm32f10x_usart.o(i.USART_Init)
    USART_ReceiveData                        0x0800385d   Thumb Code    10  stm32f10x_usart.o(i.USART_ReceiveData)
    UsageFault_Handler                       0x08003867   Thumb Code     4  stm32f10x_it.o(i.UsageFault_Handler)
    __ARM_fpclassify                         0x0800386b   Thumb Code    40  fpclassify.o(i.__ARM_fpclassify)
    __kernel_poly                            0x08003893   Thumb Code   170  poly.o(i.__kernel_poly)
    __mathlib_dbl_infnan                     0x0800393d   Thumb Code     6  dunder.o(i.__mathlib_dbl_infnan)
    __mathlib_dbl_infnan2                    0x08003943   Thumb Code     4  dunder.o(i.__mathlib_dbl_infnan2)
    __mathlib_dbl_invalid                    0x08003947   Thumb Code    12  dunder.o(i.__mathlib_dbl_invalid)
    __mathlib_dbl_underflow                  0x08003955   Thumb Code    10  dunder.o(i.__mathlib_dbl_underflow)
    _is_digit                                0x08003965   Thumb Code    14  __printf_wp.o(i._is_digit)
    _sys_exit                                0x08003973   Thumb Code     6  usart.o(i._sys_exit)
    asin                                     0x08003a21   Thumb Code   572  asin.o(i.asin)
    atan                                     0x08003c91   Thumb Code   474  atan.o(i.atan)
    atan2                                    0x08003eb1   Thumb Code   346  atan2.o(i.atan2)
    delay_init                               0x08004095   Thumb Code    50  delay.o(i.delay_init)
    delay_ms                                 0x080040d9   Thumb Code    72  delay.o(i.delay_ms)
    delay_us                                 0x08004125   Thumb Code    72  delay.o(i.delay_us)
    dmp_enable_6x_lp_quat                    0x08004171   Thumb Code    60  inv_mpu_dmp_motion_driver.o(i.dmp_enable_6x_lp_quat)
    dmp_enable_feature                       0x080041ad   Thumb Code   530  inv_mpu_dmp_motion_driver.o(i.dmp_enable_feature)
    dmp_enable_gyro_cal                      0x080043c9   Thumb Code    62  inv_mpu_dmp_motion_driver.o(i.dmp_enable_gyro_cal)
    dmp_enable_lp_quat                       0x08004421   Thumb Code    60  inv_mpu_dmp_motion_driver.o(i.dmp_enable_lp_quat)
    dmp_load_motion_driver_firmware          0x0800445d   Thumb Code    20  inv_mpu_dmp_motion_driver.o(i.dmp_load_motion_driver_firmware)
    dmp_read_fifo                            0x08004475   Thumb Code   456  inv_mpu_dmp_motion_driver.o(i.dmp_read_fifo)
    dmp_set_accel_bias                       0x08004641   Thumb Code   300  inv_mpu_dmp_motion_driver.o(i.dmp_set_accel_bias)
    dmp_set_fifo_rate                        0x08004771   Thumb Code    96  inv_mpu_dmp_motion_driver.o(i.dmp_set_fifo_rate)
    dmp_set_gyro_bias                        0x080047e1   Thumb Code   294  inv_mpu_dmp_motion_driver.o(i.dmp_set_gyro_bias)
    dmp_set_orientation                      0x08004911   Thumb Code   290  inv_mpu_dmp_motion_driver.o(i.dmp_set_orientation)
    dmp_set_shake_reject_thresh              0x08004a49   Thumb Code    56  inv_mpu_dmp_motion_driver.o(i.dmp_set_shake_reject_thresh)
    dmp_set_shake_reject_time                0x08004a81   Thumb Code    38  inv_mpu_dmp_motion_driver.o(i.dmp_set_shake_reject_time)
    dmp_set_shake_reject_timeout             0x08004aa7   Thumb Code    38  inv_mpu_dmp_motion_driver.o(i.dmp_set_shake_reject_timeout)
    dmp_set_tap_axes                         0x08004acd   Thumb Code    70  inv_mpu_dmp_motion_driver.o(i.dmp_set_tap_axes)
    dmp_set_tap_count                        0x08004b13   Thumb Code    38  inv_mpu_dmp_motion_driver.o(i.dmp_set_tap_count)
    dmp_set_tap_thresh                       0x08004b39   Thumb Code   396  inv_mpu_dmp_motion_driver.o(i.dmp_set_tap_thresh)
    dmp_set_tap_time                         0x08004cd9   Thumb Code    38  inv_mpu_dmp_motion_driver.o(i.dmp_set_tap_time)
    dmp_set_tap_time_multi                   0x08004cff   Thumb Code    38  inv_mpu_dmp_motion_driver.o(i.dmp_set_tap_time_multi)
    fputc                                    0x08004d25   Thumb Code    24  usart.o(i.fputc)
    hcsr04_NVIC                              0x08005375   Thumb Code    40  hcsr04.o(i.hcsr04_NVIC)
    infrared_INIT                            0x0800539d   Thumb Code    40  infrared.o(i.infrared_INIT)
    inv_orientation_matrix_to_scalar         0x080053c9   Thumb Code    40  inv_mpu.o(i.inv_orientation_matrix_to_scalar)
    inv_row_2_scale                          0x080053f1   Thumb Code    78  inv_mpu.o(i.inv_row_2_scale)
    main                                     0x08005441   Thumb Code   314  main.o(i.main)
    mget_ms                                  0x080055e9   Thumb Code     2  inv_mpu.o(i.mget_ms)
    mpu_configure_fifo                       0x080055ed   Thumb Code   106  inv_mpu.o(i.mpu_configure_fifo)
    mpu_dmp_get_data                         0x0800565d   Thumb Code   544  inv_mpu.o(i.mpu_dmp_get_data)
    mpu_dmp_init                             0x08005881   Thumb Code   154  inv_mpu.o(i.mpu_dmp_init)
    mpu_get_accel_fsr                        0x08005921   Thumb Code    72  inv_mpu.o(i.mpu_get_accel_fsr)
    mpu_get_accel_sens                       0x0800596d   Thumb Code    78  inv_mpu.o(i.mpu_get_accel_sens)
    mpu_get_fifo_config                      0x080059c1   Thumb Code    12  inv_mpu.o(i.mpu_get_fifo_config)
    mpu_get_gyro_fsr                         0x080059d1   Thumb Code    64  inv_mpu.o(i.mpu_get_gyro_fsr)
    mpu_get_gyro_sens                        0x08005a15   Thumb Code    58  inv_mpu.o(i.mpu_get_gyro_sens)
    mpu_get_lpf                              0x08005a65   Thumb Code    74  inv_mpu.o(i.mpu_get_lpf)
    mpu_get_sample_rate                      0x08005ab5   Thumb Code    26  inv_mpu.o(i.mpu_get_sample_rate)
    mpu_init                                 0x08005ad5   Thumb Code   416  inv_mpu.o(i.mpu_init)
    mpu_load_firmware                        0x08005cc5   Thumb Code   180  inv_mpu.o(i.mpu_load_firmware)
    mpu_lp_accel_mode                        0x08005d7d   Thumb Code   218  inv_mpu.o(i.mpu_lp_accel_mode)
    mpu_read_fifo_stream                     0x08005e5d   Thumb Code   186  inv_mpu.o(i.mpu_read_fifo_stream)
    mpu_read_mem                             0x08005f1d   Thumb Code   122  inv_mpu.o(i.mpu_read_mem)
    mpu_reset_fifo                           0x08005f9d   Thumb Code   450  inv_mpu.o(i.mpu_reset_fifo)
    mpu_run_self_test                        0x08006165   Thumb Code   278  inv_mpu.o(i.mpu_run_self_test)
    mpu_set_accel_fsr                        0x08006281   Thumb Code   126  inv_mpu.o(i.mpu_set_accel_fsr)
    mpu_set_bypass                           0x08006305   Thumb Code   328  inv_mpu.o(i.mpu_set_bypass)
    mpu_set_dmp_state                        0x08006451   Thumb Code   138  inv_mpu.o(i.mpu_set_dmp_state)
    mpu_set_gyro_fsr                         0x080064e1   Thumb Code   132  inv_mpu.o(i.mpu_set_gyro_fsr)
    mpu_set_int_latched                      0x08006569   Thumb Code   102  inv_mpu.o(i.mpu_set_int_latched)
    mpu_set_lpf                              0x080065d5   Thumb Code   126  inv_mpu.o(i.mpu_set_lpf)
    mpu_set_sample_rate                      0x08006659   Thumb Code   152  inv_mpu.o(i.mpu_set_sample_rate)
    mpu_set_sensors                          0x080066f5   Thumb Code   202  inv_mpu.o(i.mpu_set_sensors)
    mpu_write_mem                            0x080067c5   Thumb Code   122  inv_mpu.o(i.mpu_write_mem)
    read_addr                                0x08006845   Thumb Code     6  usmart.o(i.read_addr)
    run_self_test                            0x0800684b   Thumb Code   148  inv_mpu.o(i.run_self_test)
    sqrt                                     0x08006971   Thumb Code    76  sqrt.o(i.sqrt)
    uart_init                                0x080069bd   Thumb Code   152  usart.o(i.uart_init)
    usmart_cmd_rec                           0x08006a5d   Thumb Code   170  usmart.o(i.usmart_cmd_rec)
    usmart_exe                               0x08006b0d   Thumb Code   632  usmart.o(i.usmart_exe)
    usmart_get_aparm                         0x08006de1   Thumb Code   200  usmart_str.o(i.usmart_get_aparm)
    usmart_get_cmdname                       0x08006ea9   Thumb Code    54  usmart_str.o(i.usmart_get_cmdname)
    usmart_get_fname                         0x08006ee1   Thumb Code   440  usmart_str.o(i.usmart_get_fname)
    usmart_get_fparam                        0x080070a1   Thumb Code   262  usmart_str.o(i.usmart_get_fparam)
    usmart_get_parmpos                       0x080071ad   Thumb Code    26  usmart_str.o(i.usmart_get_parmpos)
    usmart_get_runtime                       0x080071cd   Thumb Code    60  usmart.o(i.usmart_get_runtime)
    usmart_init                              0x08007211   Thumb Code    36  usmart.o(i.usmart_init)
    usmart_pow                               0x08007239   Thumb Code    22  usmart_str.o(i.usmart_pow)
    usmart_reset_runtime                     0x08007251   Thumb Code    38  usmart.o(i.usmart_reset_runtime)
    usmart_scan                              0x08007281   Thumb Code   120  usmart.o(i.usmart_scan)
    usmart_search_nextc                      0x0800733d   Thumb Code    22  usmart_str.o(i.usmart_search_nextc)
    usmart_str2num                           0x08007353   Thumb Code   202  usmart_str.o(i.usmart_str2num)
    usmart_strcmp                            0x0800741d   Thumb Code    34  usmart_str.o(i.usmart_strcmp)
    usmart_strcopy                           0x0800743f   Thumb Code    22  usmart_str.o(i.usmart_strcopy)
    usmart_strlen                            0x08007455   Thumb Code    24  usmart_str.o(i.usmart_strlen)
    usmart_sys_cmd_exe                       0x0800746d   Thumb Code  1554  usmart.o(i.usmart_sys_cmd_exe)
    write_addr                               0x08007b51   Thumb Code     4  usmart.o(i.write_addr)
    _get_lc_numeric                          0x08007b55   Thumb Code    44  lc_numeric_c.o(locale$$code)
    __aeabi_d2f                              0x08007b81   Thumb Code     0  d2f.o(x$fpl$d2f)
    _d2f                                     0x08007b81   Thumb Code    98  d2f.o(x$fpl$d2f)
    __aeabi_dadd                             0x08007be5   Thumb Code     0  daddsub_clz.o(x$fpl$dadd)
    _dadd                                    0x08007be5   Thumb Code   332  daddsub_clz.o(x$fpl$dadd)
    __fpl_dcheck_NaN1                        0x08007d35   Thumb Code    10  dcheck1.o(x$fpl$dcheck1)
    __aeabi_ddiv                             0x08007d45   Thumb Code     0  ddiv.o(x$fpl$ddiv)
    _ddiv                                    0x08007d45   Thumb Code   552  ddiv.o(x$fpl$ddiv)
    __aeabi_d2iz                             0x08007ff5   Thumb Code     0  dfix.o(x$fpl$dfix)
    _dfix                                    0x08007ff5   Thumb Code    94  dfix.o(x$fpl$dfix)
    __aeabi_i2d                              0x08008053   Thumb Code     0  dflt_clz.o(x$fpl$dflt)
    _dflt                                    0x08008053   Thumb Code    46  dflt_clz.o(x$fpl$dflt)
    __aeabi_dmul                             0x08008081   Thumb Code     0  dmul.o(x$fpl$dmul)
    _dmul                                    0x08008081   Thumb Code   332  dmul.o(x$fpl$dmul)
    __fpl_dnaninf                            0x080081d5   Thumb Code   156  dnaninf.o(x$fpl$dnaninf)
    __fpl_dretinf                            0x08008271   Thumb Code    12  dretinf.o(x$fpl$dretinf)
    __aeabi_drsub                            0x0800827d   Thumb Code     0  daddsub_clz.o(x$fpl$drsb)
    _drsb                                    0x0800827d   Thumb Code    22  daddsub_clz.o(x$fpl$drsb)
    _dsqrt                                   0x08008295   Thumb Code   456  dsqrt_noumaal.o(x$fpl$dsqrt)
    __aeabi_dsub                             0x08008461   Thumb Code     0  daddsub_clz.o(x$fpl$dsub)
    _dsub                                    0x08008461   Thumb Code   464  daddsub_clz.o(x$fpl$dsub)
    __aeabi_f2d                              0x08008635   Thumb Code     0  f2d.o(x$fpl$f2d)
    _f2d                                     0x08008635   Thumb Code    86  f2d.o(x$fpl$f2d)
    __aeabi_fadd                             0x0800868d   Thumb Code     0  faddsub_clz.o(x$fpl$fadd)
    _fadd                                    0x0800868d   Thumb Code   196  faddsub_clz.o(x$fpl$fadd)
    __fpl_fcmp_Inf                           0x08008751   Thumb Code    24  fcmpi.o(x$fpl$fcmpinf)
    __aeabi_fdiv                             0x08008769   Thumb Code     0  fdiv.o(x$fpl$fdiv)
    _fdiv                                    0x08008769   Thumb Code   384  fdiv.o(x$fpl$fdiv)
    __aeabi_cfcmpeq                          0x080088ed   Thumb Code     0  feqf.o(x$fpl$feqf)
    _fcmpeq                                  0x080088ed   Thumb Code   104  feqf.o(x$fpl$feqf)
    __aeabi_f2iz                             0x08008955   Thumb Code     0  ffix.o(x$fpl$ffix)
    _ffix                                    0x08008955   Thumb Code    54  ffix.o(x$fpl$ffix)
    __aeabi_f2uiz                            0x0800898d   Thumb Code     0  ffixu.o(x$fpl$ffixu)
    _ffixu                                   0x0800898d   Thumb Code    62  ffixu.o(x$fpl$ffixu)
    __aeabi_i2f                              0x080089cd   Thumb Code     0  fflt_clz.o(x$fpl$fflt)
    _fflt                                    0x080089cd   Thumb Code    48  fflt_clz.o(x$fpl$fflt)
    __aeabi_ui2f                             0x080089fd   Thumb Code     0  fflt_clz.o(x$fpl$ffltu)
    _ffltu                                   0x080089fd   Thumb Code    38  fflt_clz.o(x$fpl$ffltu)
    __aeabi_cfcmple                          0x08008a25   Thumb Code     0  fleqf.o(x$fpl$fleqf)
    _fcmple                                  0x08008a25   Thumb Code   104  fleqf.o(x$fpl$fleqf)
    __fpl_fcmple_InfNaN                      0x08008a77   Thumb Code     0  fleqf.o(x$fpl$fleqf)
    __aeabi_fmul                             0x08008a8d   Thumb Code     0  fmul.o(x$fpl$fmul)
    _fmul                                    0x08008a8d   Thumb Code   258  fmul.o(x$fpl$fmul)
    __fpl_fnaninf                            0x08008b8f   Thumb Code   140  fnaninf.o(x$fpl$fnaninf)
    __fpl_fretinf                            0x08008c1b   Thumb Code    10  fretinf.o(x$fpl$fretinf)
    __aeabi_cfrcmple                         0x08008c25   Thumb Code     0  frleqf.o(x$fpl$frleqf)
    _frcmple                                 0x08008c25   Thumb Code    98  frleqf.o(x$fpl$frleqf)
    __aeabi_fsub                             0x08008c89   Thumb Code     0  faddsub_clz.o(x$fpl$fsub)
    _fsub                                    0x08008c89   Thumb Code   234  faddsub_clz.o(x$fpl$fsub)
    _printf_fp_dec                           0x08008d73   Thumb Code     4  printf1.o(x$fpl$printf1)
    __fpl_return_NaN                         0x08008d77   Thumb Code   100  retnan.o(x$fpl$retnan)
    __ARM_scalbn                             0x08008ddb   Thumb Code    92  scalbn.o(x$fpl$scalbn)
    __fpl_cmpreturn                          0x08008e37   Thumb Code    48  trapv.o(x$fpl$trapveneer)
    __I$use$fp                               0x08008e66   Number         0  usenofp.o(x$fpl$usenofp)
    reg                                      0x08008e68   Data          27  inv_mpu.o(.constdata)
    hw                                       0x08008e84   Data          12  inv_mpu.o(.constdata)
    test                                     0x08008e90   Data          40  inv_mpu.o(.constdata)
    __mathlib_zero                           0x08009bd0   Data           8  qnan.o(.constdata)
    Region$$Table$$Base                      0x08009db0   Number         0  anon$$obj.o(Region$$Table)
    Region$$Table$$Limit                     0x08009dd0   Number         0  anon$$obj.o(Region$$Table)
    SystemCoreClock                          0x20000000   Data           4  system_stm32f10x.o(.data)
    AHBPrescTable                            0x20000004   Data          16  system_stm32f10x.o(.data)
    num                                      0x20000014   Data           2  matrix_key.o(.data)
    N                                        0x20000016   Data           2  matrix_key.o(.data)
    M                                        0x20000018   Data           2  matrix_key.o(.data)
    FLAG                                     0x2000001a   Data           2  matrix_key.o(.data)
    ge                                       0x2000001c   Data           2  matrix_key.o(.data)
    shi                                      0x2000001e   Data           2  matrix_key.o(.data)
    bai                                      0x20000020   Data           2  matrix_key.o(.data)
    ANGLE                                    0x20000022   Data           2  matrix_key.o(.data)
    b                                        0x20000024   Data           2  matrix_key.o(.data)
    Y1                                       0x20000026   Data           1  matrix_key.o(.data)
    Y2                                       0x20000027   Data           1  matrix_key.o(.data)
    Y3                                       0x20000028   Data           1  matrix_key.o(.data)
    Y4                                       0x20000029   Data           1  matrix_key.o(.data)
    msHcCount                                0x20000062   Data           2  hcsr04.o(.data)
    sys_cmd_tab                              0x20000064   Data          28  usmart.o(.data)
    usmart_nametab                           0x20000080   Data          56  usmart_config.o(.data)
    usmart_dev                               0x200000b8   Data         244  usmart_config.o(.data)
    __stdout                                 0x200001b0   Data           4  usart.o(.data)
    USART_RX_STA                             0x200001b4   Data           2  usart.o(.data)
    USART_RX_BUF                             0x200001dc   Data         200  usart.o(.bss)
    __libspace_start                         0x200002a4   Data          96  libspace.o(.bss)
    __temporary_stack_top$libspace           0x20000304   Data           0  libspace.o(.bss)



==============================================================================

Memory Map of the image

  Image Entry point : 0x08000245

  Load Region LR_1 (Base: 0x08000000, Size: 0x00009fb8, Max: 0xffffffff, ABSOLUTE, COMPRESSED[0x00009e80])

    Execution Region ER_RO (Base: 0x08000000, Size: 0x00009dec, Max: 0xffffffff, ABSOLUTE)

    Base Addr    Size         Type   Attr      Idx    E Section Name        Object

    0x08000000   0x00000130   Data   RO         1800    RESET               startup_stm32f10x_hd.o
    0x08000130   0x00000008   Code   RO         4844  * !!!main             c_w.l(__main.o)
    0x08000138   0x00000034   Code   RO         5225    !!!scatter          c_w.l(__scatter.o)
    0x0800016c   0x0000005a   Code   RO         5223    !!dczerorl2         c_w.l(__dczerorl2.o)
    0x080001c6   0x00000002   PAD
    0x080001c8   0x0000001c   Code   RO         5227    !!handler_zi        c_w.l(__scatter_zi.o)
    0x080001e4   0x00000000   Code   RO         4837    .ARM.Collect$$_printf_percent$$00000000  c_w.l(_printf_percent.o)
    0x080001e4   0x00000006   Code   RO         4836    .ARM.Collect$$_printf_percent$$00000003  c_w.l(_printf_f.o)
    0x080001ea   0x00000006   Code   RO         4834    .ARM.Collect$$_printf_percent$$00000009  c_w.l(_printf_d.o)
    0x080001f0   0x00000006   Code   RO         4835    .ARM.Collect$$_printf_percent$$0000000A  c_w.l(_printf_u.o)
    0x080001f6   0x00000006   Code   RO         4833    .ARM.Collect$$_printf_percent$$0000000C  c_w.l(_printf_x.o)
    0x080001fc   0x00000006   Code   RO         4831    .ARM.Collect$$_printf_percent$$00000013  c_w.l(_printf_c.o)
    0x08000202   0x00000006   Code   RO         4832    .ARM.Collect$$_printf_percent$$00000014  c_w.l(_printf_s.o)
    0x08000208   0x00000004   Code   RO         4943    .ARM.Collect$$_printf_percent$$00000017  c_w.l(_printf_percent_end.o)
    0x0800020c   0x00000002   Code   RO         5091    .ARM.Collect$$libinit$$00000000  c_w.l(libinit.o)
    0x0800020e   0x00000000   Code   RO         5093    .ARM.Collect$$libinit$$00000002  c_w.l(libinit2.o)
    0x0800020e   0x00000000   Code   RO         5095    .ARM.Collect$$libinit$$00000004  c_w.l(libinit2.o)
    0x0800020e   0x00000000   Code   RO         5098    .ARM.Collect$$libinit$$0000000A  c_w.l(libinit2.o)
    0x0800020e   0x00000000   Code   RO         5100    .ARM.Collect$$libinit$$0000000C  c_w.l(libinit2.o)
    0x0800020e   0x00000000   Code   RO         5102    .ARM.Collect$$libinit$$0000000E  c_w.l(libinit2.o)
    0x0800020e   0x00000006   Code   RO         5103    .ARM.Collect$$libinit$$0000000F  c_w.l(libinit2.o)
    0x08000214   0x00000000   Code   RO         5105    .ARM.Collect$$libinit$$00000011  c_w.l(libinit2.o)
    0x08000214   0x00000000   Code   RO         5107    .ARM.Collect$$libinit$$00000013  c_w.l(libinit2.o)
    0x08000214   0x00000000   Code   RO         5109    .ARM.Collect$$libinit$$00000015  c_w.l(libinit2.o)
    0x08000214   0x0000000a   Code   RO         5110    .ARM.Collect$$libinit$$00000016  c_w.l(libinit2.o)
    0x0800021e   0x00000000   Code   RO         5111    .ARM.Collect$$libinit$$00000017  c_w.l(libinit2.o)
    0x0800021e   0x00000000   Code   RO         5113    .ARM.Collect$$libinit$$00000019  c_w.l(libinit2.o)
    0x0800021e   0x00000000   Code   RO         5115    .ARM.Collect$$libinit$$0000001B  c_w.l(libinit2.o)
    0x0800021e   0x00000000   Code   RO         5117    .ARM.Collect$$libinit$$0000001D  c_w.l(libinit2.o)
    0x0800021e   0x00000000   Code   RO         5119    .ARM.Collect$$libinit$$0000001F  c_w.l(libinit2.o)
    0x0800021e   0x00000000   Code   RO         5121    .ARM.Collect$$libinit$$00000021  c_w.l(libinit2.o)
    0x0800021e   0x00000000   Code   RO         5123    .ARM.Collect$$libinit$$00000023  c_w.l(libinit2.o)
    0x0800021e   0x00000000   Code   RO         5125    .ARM.Collect$$libinit$$00000025  c_w.l(libinit2.o)
    0x0800021e   0x00000000   Code   RO         5129    .ARM.Collect$$libinit$$0000002C  c_w.l(libinit2.o)
    0x0800021e   0x00000000   Code   RO         5131    .ARM.Collect$$libinit$$0000002E  c_w.l(libinit2.o)
    0x0800021e   0x00000000   Code   RO         5133    .ARM.Collect$$libinit$$00000030  c_w.l(libinit2.o)
    0x0800021e   0x00000000   Code   RO         5135    .ARM.Collect$$libinit$$00000032  c_w.l(libinit2.o)
    0x0800021e   0x00000002   Code   RO         5136    .ARM.Collect$$libinit$$00000033  c_w.l(libinit2.o)
    0x08000220   0x00000002   Code   RO         5184    .ARM.Collect$$libshutdown$$00000000  c_w.l(libshutdown.o)
    0x08000222   0x00000000   Code   RO         5194    .ARM.Collect$$libshutdown$$00000003  c_w.l(libshutdown2.o)
    0x08000222   0x00000000   Code   RO         5197    .ARM.Collect$$libshutdown$$00000006  c_w.l(libshutdown2.o)
    0x08000222   0x00000000   Code   RO         5200    .ARM.Collect$$libshutdown$$00000009  c_w.l(libshutdown2.o)
    0x08000222   0x00000000   Code   RO         5202    .ARM.Collect$$libshutdown$$0000000B  c_w.l(libshutdown2.o)
    0x08000222   0x00000000   Code   RO         5205    .ARM.Collect$$libshutdown$$0000000E  c_w.l(libshutdown2.o)
    0x08000222   0x00000002   Code   RO         5206    .ARM.Collect$$libshutdown$$0000000F  c_w.l(libshutdown2.o)
    0x08000224   0x00000000   Code   RO         4930    .ARM.Collect$$rtentry$$00000000  c_w.l(__rtentry.o)
    0x08000224   0x00000000   Code   RO         4997    .ARM.Collect$$rtentry$$00000002  c_w.l(__rtentry2.o)
    0x08000224   0x00000006   Code   RO         5009    .ARM.Collect$$rtentry$$00000004  c_w.l(__rtentry4.o)
    0x0800022a   0x00000000   Code   RO         4999    .ARM.Collect$$rtentry$$00000009  c_w.l(__rtentry2.o)
    0x0800022a   0x00000004   Code   RO         5000    .ARM.Collect$$rtentry$$0000000A  c_w.l(__rtentry2.o)
    0x0800022e   0x00000000   Code   RO         5002    .ARM.Collect$$rtentry$$0000000C  c_w.l(__rtentry2.o)
    0x0800022e   0x00000008   Code   RO         5003    .ARM.Collect$$rtentry$$0000000D  c_w.l(__rtentry2.o)
    0x08000236   0x00000002   Code   RO         5141    .ARM.Collect$$rtexit$$00000000  c_w.l(rtexit.o)
    0x08000238   0x00000000   Code   RO         5154    .ARM.Collect$$rtexit$$00000002  c_w.l(rtexit2.o)
    0x08000238   0x00000004   Code   RO         5155    .ARM.Collect$$rtexit$$00000003  c_w.l(rtexit2.o)
    0x0800023c   0x00000006   Code   RO         5156    .ARM.Collect$$rtexit$$00000004  c_w.l(rtexit2.o)
    0x08000242   0x00000002   PAD
    0x08000244   0x00000040   Code   RO         1801  * .text               startup_stm32f10x_hd.o
    0x08000284   0x00000002   Code   RO         4774    .text               c_w.l(use_no_semi_2.o)
    0x08000286   0x00000048   Code   RO         4776    .text               c_w.l(llsdiv.o)
    0x080002ce   0x00000002   PAD
    0x080002d0   0x00000018   Code   RO         4780    .text               c_w.l(noretval__2printf.o)
    0x080002e8   0x0000004e   Code   RO         4784    .text               c_w.l(_printf_pad.o)
    0x08000336   0x00000052   Code   RO         4786    .text               c_w.l(_printf_str.o)
    0x08000388   0x00000078   Code   RO         4788    .text               c_w.l(_printf_dec.o)
    0x08000400   0x00000058   Code   RO         4793    .text               c_w.l(_printf_hex_int.o)
    0x08000458   0x00000188   Code   RO         4828    .text               c_w.l(__printf_flags_ss_wp.o)
    0x080005e0   0x00000058   Code   RO         4838    .text               c_w.l(memcmp.o)
    0x08000638   0x00000010   Code   RO         4840    .text               c_w.l(aeabi_memset.o)
    0x08000648   0x00000006   Code   RO         4842    .text               c_w.l(heapauxi.o)
    0x0800064e   0x00000002   Code   RO         4928    .text               c_w.l(use_no_semi.o)
    0x08000650   0x000000ee   Code   RO         4931    .text               c_w.l(lludivv7m.o)
    0x0800073e   0x00000016   Code   RO         4933    .text               c_w.l(_rserrno.o)
    0x08000754   0x000000b2   Code   RO         4935    .text               c_w.l(_printf_intcommon.o)
    0x08000806   0x0000041a   Code   RO         4937    .text               c_w.l(_printf_fp_dec.o)
    0x08000c20   0x0000002c   Code   RO         4939    .text               c_w.l(_printf_char.o)
    0x08000c4c   0x00000024   Code   RO         4941    .text               c_w.l(_printf_char_file.o)
    0x08000c70   0x00000044   Code   RO         4944    .text               c_w.l(rt_memclr.o)
    0x08000cb4   0x00000008   Code   RO         5018    .text               c_w.l(rt_locale_intlibspace.o)
    0x08000cbc   0x00000008   Code   RO         5023    .text               c_w.l(rt_errno_addr_intlibspace.o)
    0x08000cc4   0x0000008a   Code   RO         5025    .text               c_w.l(lludiv10.o)
    0x08000d4e   0x00000002   PAD
    0x08000d50   0x00000030   Code   RO         5027    .text               c_w.l(_printf_char_common.o)
    0x08000d80   0x00000080   Code   RO         5029    .text               c_w.l(_printf_fp_infnan.o)
    0x08000e00   0x000000dc   Code   RO         5031    .text               c_w.l(bigflt0.o)
    0x08000edc   0x00000008   Code   RO         5056    .text               c_w.l(ferror.o)
    0x08000ee4   0x0000004e   Code   RO         5063    .text               c_w.l(rt_memclr_w.o)
    0x08000f32   0x00000002   PAD
    0x08000f34   0x00000008   Code   RO         5073    .text               c_w.l(libspace.o)
    0x08000f3c   0x0000004a   Code   RO         5076    .text               c_w.l(sys_stackheap_outer.o)
    0x08000f86   0x0000000c   Code   RO         5082    .text               c_w.l(exit.o)
    0x08000f92   0x00000002   PAD
    0x08000f94   0x00000080   Code   RO         5084    .text               c_w.l(strcmpv7m.o)
    0x08001014   0x0000003e   Code   RO         5034    CL$$btod_d2e        c_w.l(btod.o)
    0x08001052   0x00000046   Code   RO         5036    CL$$btod_d2e_denorm_low  c_w.l(btod.o)
    0x08001098   0x00000060   Code   RO         5035    CL$$btod_d2e_norm_op1  c_w.l(btod.o)
    0x080010f8   0x00000338   Code   RO         5044    CL$$btod_div_common  c_w.l(btod.o)
    0x08001430   0x000000c6   Code   RO         5041    CL$$btod_e2e        c_w.l(btod.o)
    0x080014f6   0x00000028   Code   RO         5038    CL$$btod_ediv       c_w.l(btod.o)
    0x0800151e   0x00000028   Code   RO         5037    CL$$btod_emul       c_w.l(btod.o)
    0x08001546   0x00000244   Code   RO         5043    CL$$btod_mult_common  c_w.l(btod.o)
    0x0800178a   0x00000016   Code   RO         1847    i.ADC_Cmd           stm32f10x_adc.o
    0x080017a0   0x0000005c   Code   RO         1849    i.ADC_DeInit        stm32f10x_adc.o
    0x080017fc   0x00000014   Code   RO         1855    i.ADC_GetCalibrationStatus  stm32f10x_adc.o
    0x08001810   0x00000008   Code   RO         1856    i.ADC_GetConversionValue  stm32f10x_adc.o
    0x08001818   0x00000012   Code   RO         1858    i.ADC_GetFlagStatus  stm32f10x_adc.o
    0x0800182a   0x00000014   Code   RO         1861    i.ADC_GetResetCalibrationStatus  stm32f10x_adc.o
    0x0800183e   0x00000002   PAD
    0x08001840   0x00000050   Code   RO         1865    i.ADC_Init          stm32f10x_adc.o
    0x08001890   0x000000b8   Code   RO         1869    i.ADC_RegularChannelConfig  stm32f10x_adc.o
    0x08001948   0x0000000a   Code   RO         1870    i.ADC_ResetCalibration  stm32f10x_adc.o
    0x08001952   0x00000016   Code   RO         1872    i.ADC_SoftwareStartConvCmd  stm32f10x_adc.o
    0x08001968   0x0000000a   Code   RO         1874    i.ADC_StartCalibration  stm32f10x_adc.o
    0x08001972   0x00000002   PAD
    0x08001974   0x00000090   Code   RO          279    i.Adc_Init          adc.o
    0x08001a04   0x00000004   Code   RO          156    i.BusFault_Handler  stm32f10x_it.o
    0x08001a08   0x00000010   Code   RO         1470    i.CloseTimerForHc   hcsr04.o
    0x08001a18   0x00000064   Code   RO          310    i.DHT22_Check       dht22.o
    0x08001a7c   0x0000003c   Code   RO          311    i.DHT22_Init        dht22.o
    0x08001ab8   0x0000004c   Code   RO          312    i.DHT22_Read_Bit    dht22.o
    0x08001b04   0x0000001e   Code   RO          313    i.DHT22_Read_Byte   dht22.o
    0x08001b22   0x00000002   PAD
    0x08001b24   0x000000c8   Code   RO          314    i.DHT22_Read_Data   dht22.o
    0x08001bec   0x00000040   Code   RO          315    i.DHT22_Rst         dht22.o
    0x08001c2c   0x00000064   Code   RO          348    i.DS18B20_Check     ds18b20.o
    0x08001c90   0x0000008c   Code   RO          349    i.DS18B20_Get_Temp  ds18b20.o
    0x08001d1c   0x00000040   Code   RO          350    i.DS18B20_Init      ds18b20.o
    0x08001d5c   0x0000006c   Code   RO          351    i.DS18B20_Read_Bit  ds18b20.o
    0x08001dc8   0x00000022   Code   RO          352    i.DS18B20_Read_Byte  ds18b20.o
    0x08001dea   0x00000002   PAD
    0x08001dec   0x00000044   Code   RO          353    i.DS18B20_Rst       ds18b20.o
    0x08001e30   0x00000018   Code   RO          354    i.DS18B20_Start     ds18b20.o
    0x08001e48   0x00000074   Code   RO          355    i.DS18B20_Write_Byte  ds18b20.o
    0x08001ebc   0x00000002   Code   RO          157    i.DebugMon_Handler  stm32f10x_it.o
    0x08001ebe   0x0000001e   Code   RO         1471    i.Delay_Ms          hcsr04.o
    0x08001edc   0x0000001a   Code   RO         1472    i.Delay_Us          hcsr04.o
    0x08001ef6   0x00000116   Code   RO         2956    i.GPIO_Init         stm32f10x_gpio.o
    0x0800200c   0x00000090   Code   RO         2958    i.GPIO_PinRemapConfig  stm32f10x_gpio.o
    0x0800209c   0x00000012   Code   RO         2960    i.GPIO_ReadInputDataBit  stm32f10x_gpio.o
    0x080020ae   0x00000004   Code   RO         2963    i.GPIO_ResetBits    stm32f10x_gpio.o
    0x080020b2   0x00000004   Code   RO         2964    i.GPIO_SetBits      stm32f10x_gpio.o
    0x080020b6   0x00000002   PAD
    0x080020b8   0x00000030   Code   RO         1473    i.GetEchoTimer      hcsr04.o
    0x080020e8   0x0000004c   Code   RO          280    i.Get_Adc           adc.o
    0x08002134   0x0000002e   Code   RO          281    i.Get_Adc_Average   adc.o
    0x08002162   0x00000004   Code   RO          158    i.HardFault_Handler  stm32f10x_it.o
    0x08002166   0x00000002   PAD
    0x08002168   0x000000a8   Code   RO         1474    i.Hcsr04GetLength   hcsr04.o
    0x08002210   0x000000a4   Code   RO         1475    i.Hcsr04Init        hcsr04.o
    0x080022b4   0x00000068   Code   RO          669    i.MPU_Get_Temperature  mpu6050.o
    0x0800231c   0x0000004c   Code   RO          745    i.MPU_IIC_Ack       mpuiic.o
    0x08002368   0x0000000a   Code   RO          746    i.MPU_IIC_Delay     mpuiic.o
    0x08002372   0x00000002   PAD
    0x08002374   0x00000038   Code   RO          747    i.MPU_IIC_Init      mpuiic.o
    0x080023ac   0x0000004c   Code   RO          748    i.MPU_IIC_NAck      mpuiic.o
    0x080023f8   0x0000006c   Code   RO          749    i.MPU_IIC_Read_Byte  mpuiic.o
    0x08002464   0x0000005c   Code   RO          750    i.MPU_IIC_Send_Byte  mpuiic.o
    0x080024c0   0x00000048   Code   RO          751    i.MPU_IIC_Start     mpuiic.o
    0x08002508   0x00000048   Code   RO          752    i.MPU_IIC_Stop      mpuiic.o
    0x08002550   0x00000064   Code   RO          753    i.MPU_IIC_Wait_Ack  mpuiic.o
    0x080025b4   0x000000c0   Code   RO          670    i.MPU_Init          mpu6050.o
    0x08002674   0x0000003a   Code   RO          671    i.MPU_Read_Byte     mpu6050.o
    0x080026ae   0x00000074   Code   RO          672    i.MPU_Read_Len      mpu6050.o
    0x08002722   0x00000010   Code   RO          673    i.MPU_Set_Accel_Fsr  mpu6050.o
    0x08002732   0x00000010   Code   RO          674    i.MPU_Set_Gyro_Fsr  mpu6050.o
    0x08002742   0x0000003a   Code   RO          675    i.MPU_Set_LPF       mpu6050.o
    0x0800277c   0x0000003a   Code   RO          676    i.MPU_Set_Rate      mpu6050.o
    0x080027b6   0x00000044   Code   RO          677    i.MPU_Write_Byte    mpu6050.o
    0x080027fa   0x00000060   Code   RO          678    i.MPU_Write_Len     mpu6050.o
    0x0800285a   0x00000002   PAD
    0x0800285c   0x000000f4   Code   RO          636    i.Matrix_Key_Init   matrix_key.o
    0x08002950   0x000003f4   Code   RO          637    i.Matrix_Key_Scan   matrix_key.o
    0x08002d44   0x000001a8   Code   RO          638    i.Matrix_Key_Test   matrix_key.o
    0x08002eec   0x00000004   Code   RO          159    i.MemManage_Handler  stm32f10x_it.o
    0x08002ef0   0x00000002   Code   RO          160    i.NMI_Handler       stm32f10x_it.o
    0x08002ef2   0x00000002   PAD
    0x08002ef4   0x00000070   Code   RO         1805    i.NVIC_Init         misc.o
    0x08002f64   0x00000014   Code   RO         1806    i.NVIC_PriorityGroupConfig  misc.o
    0x08002f78   0x00000024   Code   RO         1476    i.OpenTimerForHc    hcsr04.o
    0x08002f9c   0x00000002   Code   RO          161    i.PendSV_Handler    stm32f10x_it.o
    0x08002f9e   0x00000002   PAD
    0x08002fa0   0x00000018   Code   RO         3370    i.RCC_ADCCLKConfig  stm32f10x_rcc.o
    0x08002fb8   0x00000020   Code   RO         3372    i.RCC_APB1PeriphClockCmd  stm32f10x_rcc.o
    0x08002fd8   0x00000020   Code   RO         3373    i.RCC_APB1PeriphResetCmd  stm32f10x_rcc.o
    0x08002ff8   0x00000020   Code   RO         3374    i.RCC_APB2PeriphClockCmd  stm32f10x_rcc.o
    0x08003018   0x00000020   Code   RO         3375    i.RCC_APB2PeriphResetCmd  stm32f10x_rcc.o
    0x08003038   0x000000d4   Code   RO         3382    i.RCC_GetClocksFreq  stm32f10x_rcc.o
    0x0800310c   0x00000002   Code   RO          162    i.SVC_Handler       stm32f10x_it.o
    0x0800310e   0x00000008   Code   RO          245    i.SetSysClock       system_stm32f10x.o
    0x08003116   0x00000002   PAD
    0x08003118   0x000000e0   Code   RO          246    i.SetSysClockTo72   system_stm32f10x.o
    0x080031f8   0x00000028   Code   RO         1809    i.SysTick_CLKSourceConfig  misc.o
    0x08003220   0x00000002   Code   RO          163    i.SysTick_Handler   stm32f10x_it.o
    0x08003222   0x00000002   PAD
    0x08003224   0x00000060   Code   RO          248    i.SystemInit        system_stm32f10x.o
    0x08003284   0x00000038   Code   RO         1531    i.TIM4_IRQHandler   usmart.o
    0x080032bc   0x00000028   Code   RO         1477    i.TIM6_IRQHandler   hcsr04.o
    0x080032e4   0x00000006   Code   RO         4000    i.TIM_ClearFlag     stm32f10x_tim.o
    0x080032ea   0x00000006   Code   RO         4001    i.TIM_ClearITPendingBit  stm32f10x_tim.o
    0x080032f0   0x00000018   Code   RO         4006    i.TIM_Cmd           stm32f10x_tim.o
    0x08003308   0x000001e8   Code   RO         4011    i.TIM_DeInit        stm32f10x_tim.o
    0x080034f0   0x00000006   Code   RO         4025    i.TIM_GetCounter    stm32f10x_tim.o
    0x080034f6   0x00000012   Code   RO         4026    i.TIM_GetFlagStatus  stm32f10x_tim.o
    0x08003508   0x00000022   Code   RO         4027    i.TIM_GetITStatus   stm32f10x_tim.o
    0x0800352a   0x00000012   Code   RO         4031    i.TIM_ITConfig      stm32f10x_tim.o
    0x0800353c   0x00000004   Code   RO         4065    i.TIM_SetAutoreload  stm32f10x_tim.o
    0x08003540   0x00000004   Code   RO         4071    i.TIM_SetCounter    stm32f10x_tim.o
    0x08003544   0x000000a4   Code   RO         4077    i.TIM_TimeBaseInit  stm32f10x_tim.o
    0x080035e8   0x0000005c   Code   RO         1532    i.Timer4_Init       usmart.o
    0x08003644   0x00000088   Code   RO         1747    i.USART1_IRQHandler  usart.o
    0x080036cc   0x00000018   Code   RO         4542    i.USART_Cmd         stm32f10x_usart.o
    0x080036e4   0x00000054   Code   RO         4546    i.USART_GetITStatus  stm32f10x_usart.o
    0x08003738   0x0000004a   Code   RO         4548    i.USART_ITConfig    stm32f10x_usart.o
    0x08003782   0x00000002   PAD
    0x08003784   0x000000d8   Code   RO         4549    i.USART_Init        stm32f10x_usart.o
    0x0800385c   0x0000000a   Code   RO         4556    i.USART_ReceiveData  stm32f10x_usart.o
    0x08003866   0x00000004   Code   RO          164    i.UsageFault_Handler  stm32f10x_it.o
    0x0800386a   0x00000028   Code   RO         4983    i.__ARM_fpclassify  m_ws.l(fpclassify.o)
    0x08003892   0x000000aa   Code   RO         4985    i.__kernel_poly     m_ws.l(poly.o)
    0x0800393c   0x00000006   Code   RO         4970    i.__mathlib_dbl_infnan  m_ws.l(dunder.o)
    0x08003942   0x00000004   Code   RO         4971    i.__mathlib_dbl_infnan2  m_ws.l(dunder.o)
    0x08003946   0x0000000c   Code   RO         4972    i.__mathlib_dbl_invalid  m_ws.l(dunder.o)
    0x08003952   0x00000002   PAD
    0x08003954   0x00000010   Code   RO         4975    i.__mathlib_dbl_underflow  m_ws.l(dunder.o)
    0x08003964   0x0000000e   Code   RO         4821    i._is_digit         c_w.l(__printf_wp.o)
    0x08003972   0x00000006   Code   RO         1748    i._sys_exit         usart.o
    0x08003978   0x000000a8   Code   RO          805    i.accel_self_test   inv_mpu.o
    0x08003a20   0x00000270   Code   RO         4911    i.asin              m_ws.l(asin.o)
    0x08003c90   0x00000220   Code   RO         4960    i.atan              m_ws.l(atan.o)
    0x08003eb0   0x00000180   Code   RO         4921    i.atan2             m_ws.l(atan2.o)
    0x08004030   0x00000064   Code   RO         1136    i.decode_gesture    inv_mpu_dmp_motion_driver.o
    0x08004094   0x00000044   Code   RO         1692    i.delay_init        delay.o
    0x080040d8   0x0000004c   Code   RO         1693    i.delay_ms          delay.o
    0x08004124   0x0000004c   Code   RO         1694    i.delay_us          delay.o
    0x08004170   0x0000003c   Code   RO         1137    i.dmp_enable_6x_lp_quat  inv_mpu_dmp_motion_driver.o
    0x080041ac   0x0000021c   Code   RO         1138    i.dmp_enable_feature  inv_mpu_dmp_motion_driver.o
    0x080043c8   0x00000058   Code   RO         1139    i.dmp_enable_gyro_cal  inv_mpu_dmp_motion_driver.o
    0x08004420   0x0000003c   Code   RO         1140    i.dmp_enable_lp_quat  inv_mpu_dmp_motion_driver.o
    0x0800445c   0x00000018   Code   RO         1145    i.dmp_load_motion_driver_firmware  inv_mpu_dmp_motion_driver.o
    0x08004474   0x000001cc   Code   RO         1146    i.dmp_read_fifo     inv_mpu_dmp_motion_driver.o
    0x08004640   0x00000130   Code   RO         1149    i.dmp_set_accel_bias  inv_mpu_dmp_motion_driver.o
    0x08004770   0x00000070   Code   RO         1150    i.dmp_set_fifo_rate  inv_mpu_dmp_motion_driver.o
    0x080047e0   0x00000130   Code   RO         1151    i.dmp_set_gyro_bias  inv_mpu_dmp_motion_driver.o
    0x08004910   0x00000138   Code   RO         1153    i.dmp_set_orientation  inv_mpu_dmp_motion_driver.o
    0x08004a48   0x00000038   Code   RO         1156    i.dmp_set_shake_reject_thresh  inv_mpu_dmp_motion_driver.o
    0x08004a80   0x00000026   Code   RO         1157    i.dmp_set_shake_reject_time  inv_mpu_dmp_motion_driver.o
    0x08004aa6   0x00000026   Code   RO         1158    i.dmp_set_shake_reject_timeout  inv_mpu_dmp_motion_driver.o
    0x08004acc   0x00000046   Code   RO         1159    i.dmp_set_tap_axes  inv_mpu_dmp_motion_driver.o
    0x08004b12   0x00000026   Code   RO         1160    i.dmp_set_tap_count  inv_mpu_dmp_motion_driver.o
    0x08004b38   0x000001a0   Code   RO         1161    i.dmp_set_tap_thresh  inv_mpu_dmp_motion_driver.o
    0x08004cd8   0x00000026   Code   RO         1162    i.dmp_set_tap_time  inv_mpu_dmp_motion_driver.o
    0x08004cfe   0x00000026   Code   RO         1163    i.dmp_set_tap_time_multi  inv_mpu_dmp_motion_driver.o
    0x08004d24   0x0000001c   Code   RO         1749    i.fputc             usart.o
    0x08004d40   0x000000b4   Code   RO          806    i.get_accel_prod_shift  inv_mpu.o
    0x08004df4   0x00000470   Code   RO          807    i.get_st_biases     inv_mpu.o
    0x08005264   0x00000110   Code   RO          808    i.gyro_self_test    inv_mpu.o
    0x08005374   0x00000028   Code   RO         1478    i.hcsr04_NVIC       hcsr04.o
    0x0800539c   0x0000002c   Code   RO          624    i.infrared_INIT     infrared.o
    0x080053c8   0x00000028   Code   RO          809    i.inv_orientation_matrix_to_scalar  inv_mpu.o
    0x080053f0   0x0000004e   Code   RO          810    i.inv_row_2_scale   inv_mpu.o
    0x0800543e   0x00000002   PAD
    0x08005440   0x000001a8   Code   RO            1    i.main              main.o
    0x080055e8   0x00000002   Code   RO          811    i.mget_ms           inv_mpu.o
    0x080055ea   0x00000002   PAD
    0x080055ec   0x00000070   Code   RO          812    i.mpu_configure_fifo  inv_mpu.o
    0x0800565c   0x00000224   Code   RO          813    i.mpu_dmp_get_data  inv_mpu.o
    0x08005880   0x000000a0   Code   RO          814    i.mpu_dmp_init      inv_mpu.o
    0x08005920   0x0000004c   Code   RO          815    i.mpu_get_accel_fsr  inv_mpu.o
    0x0800596c   0x00000054   Code   RO          817    i.mpu_get_accel_sens  inv_mpu.o
    0x080059c0   0x00000010   Code   RO          822    i.mpu_get_fifo_config  inv_mpu.o
    0x080059d0   0x00000044   Code   RO          823    i.mpu_get_gyro_fsr  inv_mpu.o
    0x08005a14   0x00000050   Code   RO          825    i.mpu_get_gyro_sens  inv_mpu.o
    0x08005a64   0x00000050   Code   RO          827    i.mpu_get_lpf       inv_mpu.o
    0x08005ab4   0x00000020   Code   RO          829    i.mpu_get_sample_rate  inv_mpu.o
    0x08005ad4   0x000001f0   Code   RO          831    i.mpu_init          inv_mpu.o
    0x08005cc4   0x000000b8   Code   RO          832    i.mpu_load_firmware  inv_mpu.o
    0x08005d7c   0x000000e0   Code   RO          833    i.mpu_lp_accel_mode  inv_mpu.o
    0x08005e5c   0x000000c0   Code   RO          836    i.mpu_read_fifo_stream  inv_mpu.o
    0x08005f1c   0x00000080   Code   RO          837    i.mpu_read_mem      inv_mpu.o
    0x08005f9c   0x000001c8   Code   RO          840    i.mpu_reset_fifo    inv_mpu.o
    0x08006164   0x0000011c   Code   RO          841    i.mpu_run_self_test  inv_mpu.o
    0x08006280   0x00000084   Code   RO          843    i.mpu_set_accel_fsr  inv_mpu.o
    0x08006304   0x0000014c   Code   RO          844    i.mpu_set_bypass    inv_mpu.o
    0x08006450   0x00000090   Code   RO          846    i.mpu_set_dmp_state  inv_mpu.o
    0x080064e0   0x00000088   Code   RO          847    i.mpu_set_gyro_fsr  inv_mpu.o
    0x08006568   0x0000006c   Code   RO          848    i.mpu_set_int_latched  inv_mpu.o
    0x080065d4   0x00000084   Code   RO          850    i.mpu_set_lpf       inv_mpu.o
    0x08006658   0x0000009c   Code   RO          851    i.mpu_set_sample_rate  inv_mpu.o
    0x080066f4   0x000000d0   Code   RO          852    i.mpu_set_sensors   inv_mpu.o
    0x080067c4   0x00000080   Code   RO          853    i.mpu_write_mem     inv_mpu.o
    0x08006844   0x00000006   Code   RO         1533    i.read_addr         usmart.o
    0x0800684a   0x00000094   Code   RO          854    i.run_self_test     inv_mpu.o
    0x080068de   0x00000002   PAD
    0x080068e0   0x00000090   Code   RO          855    i.set_int_enable    inv_mpu.o
    0x08006970   0x0000004c   Code   RO         4989    i.sqrt              m_ws.l(sqrt.o)
    0x080069bc   0x000000a0   Code   RO         1750    i.uart_init         usart.o
    0x08006a5c   0x000000b0   Code   RO         1534    i.usmart_cmd_rec    usmart.o
    0x08006b0c   0x000002d4   Code   RO         1535    i.usmart_exe        usmart.o
    0x08006de0   0x000000c8   Code   RO         1620    i.usmart_get_aparm  usmart_str.o
    0x08006ea8   0x00000036   Code   RO         1621    i.usmart_get_cmdname  usmart_str.o
    0x08006ede   0x00000002   PAD
    0x08006ee0   0x000001c0   Code   RO         1622    i.usmart_get_fname  usmart_str.o
    0x080070a0   0x0000010c   Code   RO         1623    i.usmart_get_fparam  usmart_str.o
    0x080071ac   0x00000020   Code   RO         1624    i.usmart_get_parmpos  usmart_str.o
    0x080071cc   0x00000044   Code   RO         1536    i.usmart_get_runtime  usmart.o
    0x08007210   0x00000028   Code   RO         1537    i.usmart_init       usmart.o
    0x08007238   0x00000016   Code   RO         1625    i.usmart_pow        usmart_str.o
    0x0800724e   0x00000002   PAD
    0x08007250   0x00000030   Code   RO         1538    i.usmart_reset_runtime  usmart.o
    0x08007280   0x000000bc   Code   RO         1539    i.usmart_scan       usmart.o
    0x0800733c   0x00000016   Code   RO         1626    i.usmart_search_nextc  usmart_str.o
    0x08007352   0x000000ca   Code   RO         1627    i.usmart_str2num    usmart_str.o
    0x0800741c   0x00000022   Code   RO         1628    i.usmart_strcmp     usmart_str.o
    0x0800743e   0x00000016   Code   RO         1629    i.usmart_strcopy    usmart_str.o
    0x08007454   0x00000018   Code   RO         1630    i.usmart_strlen     usmart_str.o
    0x0800746c   0x000006e4   Code   RO         1540    i.usmart_sys_cmd_exe  usmart.o
    0x08007b50   0x00000004   Code   RO         1541    i.write_addr        usmart.o
    0x08007b54   0x0000002c   Code   RO         5061    locale$$code        c_w.l(lc_numeric_c.o)
    0x08007b80   0x00000062   Code   RO         4846    x$fpl$d2f           fz_ws.l(d2f.o)
    0x08007be2   0x00000002   PAD
    0x08007be4   0x00000150   Code   RO         4848    x$fpl$dadd          fz_ws.l(daddsub_clz.o)
    0x08007d34   0x00000010   Code   RO         5065    x$fpl$dcheck1       fz_ws.l(dcheck1.o)
    0x08007d44   0x000002b0   Code   RO         4855    x$fpl$ddiv          fz_ws.l(ddiv.o)
    0x08007ff4   0x0000005e   Code   RO         4858    x$fpl$dfix          fz_ws.l(dfix.o)
    0x08008052   0x0000002e   Code   RO         4867    x$fpl$dflt          fz_ws.l(dflt_clz.o)
    0x08008080   0x00000154   Code   RO         4872    x$fpl$dmul          fz_ws.l(dmul.o)
    0x080081d4   0x0000009c   Code   RO         4946    x$fpl$dnaninf       fz_ws.l(dnaninf.o)
    0x08008270   0x0000000c   Code   RO         4948    x$fpl$dretinf       fz_ws.l(dretinf.o)
    0x0800827c   0x00000016   Code   RO         4849    x$fpl$drsb          fz_ws.l(daddsub_clz.o)
    0x08008292   0x00000002   PAD
    0x08008294   0x000001cc   Code   RO         5069    x$fpl$dsqrt         fz_ws.l(dsqrt_noumaal.o)
    0x08008460   0x000001d4   Code   RO         4850    x$fpl$dsub          fz_ws.l(daddsub_clz.o)
    0x08008634   0x00000056   Code   RO         4874    x$fpl$f2d           fz_ws.l(f2d.o)
    0x0800868a   0x00000002   PAD
    0x0800868c   0x000000c4   Code   RO         4876    x$fpl$fadd          fz_ws.l(faddsub_clz.o)
    0x08008750   0x00000018   Code   RO         4950    x$fpl$fcmpinf       fz_ws.l(fcmpi.o)
    0x08008768   0x00000184   Code   RO         4883    x$fpl$fdiv          fz_ws.l(fdiv.o)
    0x080088ec   0x00000068   Code   RO         4886    x$fpl$feqf          fz_ws.l(feqf.o)
    0x08008954   0x00000036   Code   RO         4888    x$fpl$ffix          fz_ws.l(ffix.o)
    0x0800898a   0x00000002   PAD
    0x0800898c   0x0000003e   Code   RO         4892    x$fpl$ffixu         fz_ws.l(ffixu.o)
    0x080089ca   0x00000002   PAD
    0x080089cc   0x00000030   Code   RO         4897    x$fpl$fflt          fz_ws.l(fflt_clz.o)
    0x080089fc   0x00000026   Code   RO         4896    x$fpl$ffltu         fz_ws.l(fflt_clz.o)
    0x08008a22   0x00000002   PAD
    0x08008a24   0x00000068   Code   RO         4902    x$fpl$fleqf         fz_ws.l(fleqf.o)
    0x08008a8c   0x00000102   Code   RO         4904    x$fpl$fmul          fz_ws.l(fmul.o)
    0x08008b8e   0x0000008c   Code   RO         4952    x$fpl$fnaninf       fz_ws.l(fnaninf.o)
    0x08008c1a   0x0000000a   Code   RO         4954    x$fpl$fretinf       fz_ws.l(fretinf.o)
    0x08008c24   0x00000062   Code   RO         4906    x$fpl$frleqf        fz_ws.l(frleqf.o)
    0x08008c86   0x00000002   PAD
    0x08008c88   0x000000ea   Code   RO         4878    x$fpl$fsub          fz_ws.l(faddsub_clz.o)
    0x08008d72   0x00000004   Code   RO         4908    x$fpl$printf1       fz_ws.l(printf1.o)
    0x08008d76   0x00000064   Code   RO         5139    x$fpl$retnan        fz_ws.l(retnan.o)
    0x08008dda   0x0000005c   Code   RO         4956    x$fpl$scalbn        fz_ws.l(scalbn.o)
    0x08008e36   0x00000030   Code   RO         5151    x$fpl$trapveneer    fz_ws.l(trapv.o)
    0x08008e66   0x00000000   Code   RO         4958    x$fpl$usenofp       fz_ws.l(usenofp.o)
    0x08008e66   0x00000002   PAD
    0x08008e68   0x00000050   Data   RO          857    .constdata          inv_mpu.o
    0x08008eb8   0x00000bf6   Data   RO         1165    .constdata          inv_mpu_dmp_motion_driver.o
    0x08009aae   0x00000028   Data   RO         4794    .constdata          c_w.l(_printf_hex_int.o)
    0x08009ad6   0x00000011   Data   RO         4829    .constdata          c_w.l(__printf_flags_ss_wp.o)
    0x08009ae7   0x00000001   PAD
    0x08009ae8   0x00000050   Data   RO         4912    .constdata          m_ws.l(asin.o)
    0x08009b38   0x00000098   Data   RO         4961    .constdata          m_ws.l(atan.o)
    0x08009bd0   0x00000008   Data   RO         4987    .constdata          m_ws.l(qnan.o)
    0x08009bd8   0x00000094   Data   RO         5032    .constdata          c_w.l(bigflt0.o)
    0x08009c6c   0x0000004d   Data   RO          858    .conststring        inv_mpu.o
    0x08009cb9   0x00000003   PAD
    0x08009cbc   0x00000028   Data   RO         1542    .conststring        usmart.o
    0x08009ce4   0x000000cb   Data   RO         1607    .conststring        usmart_config.o
    0x08009daf   0x00000001   PAD
    0x08009db0   0x00000020   Data   RO         5221    Region$$Table       anon$$obj.o
    0x08009dd0   0x0000001c   Data   RO         5060    locale$$data        c_w.l(lc_numeric_c.o)


    Execution Region ER_RW (Base: 0x20000000, Size: 0x000001cc, Max: 0xffffffff, ABSOLUTE, COMPRESSED[0x00000094])

    Base Addr    Size         Type   Attr      Idx    E Section Name        Object

    0x20000000   0x00000014   Data   RW          249    .data               system_stm32f10x.o
    0x20000014   0x00000017   Data   RW          640    .data               matrix_key.o
    0x2000002b   0x00000001   PAD
    0x2000002c   0x00000035   Data   RW          859    .data               inv_mpu.o
    0x20000061   0x00000001   PAD
    0x20000062   0x00000002   Data   RW         1479    .data               hcsr04.o
    0x20000064   0x0000001c   Data   RW         1543    .data               usmart.o
    0x20000080   0x0000012c   Data   RW         1608    .data               usmart_config.o
    0x200001ac   0x00000004   Data   RW         1695    .data               delay.o
    0x200001b0   0x00000006   Data   RW         1752    .data               usart.o
    0x200001b6   0x00000014   Data   RW         3402    .data               stm32f10x_rcc.o


    Execution Region ER_ZI (Base: 0x200001cc, Size: 0x0000073c, Max: 0xffffffff, ABSOLUTE)

    Base Addr    Size         Type   Attr      Idx    E Section Name        Object

    0x200001cc   0x00000010   Zero   RW         1164    .bss                inv_mpu_dmp_motion_driver.o
    0x200001dc   0x000000c8   Zero   RW         1751    .bss                usart.o
    0x200002a4   0x00000060   Zero   RW         5074    .bss                c_w.l(libspace.o)
    0x20000304   0x00000004   PAD
    0x20000308   0x00000200   Zero   RW         1799    HEAP                startup_stm32f10x_hd.o
    0x20000508   0x00000400   Zero   RW         1798    STACK               startup_stm32f10x_hd.o


==============================================================================

Image component sizes


      Code (inc. data)   RO Data    RW Data    ZI Data      Debug   Object Name

       266         14          0          0          0       1847   adc.o
       220         26          0          4          0       1855   delay.o
       530         36          0          0          0       3647   dht22.o
       654         58          0          0          0       4932   ds18b20.o
       568         56          0          2          0       5224   hcsr04.o
        44          4          0          0          0        544   infrared.o
      6864        290        157         53          0      32036   inv_mpu.o
      3096        122       3062          0         16      21266   inv_mpu_dmp_motion_driver.o
       424        110          0          0          0     263047   main.o
      1680         56          0         23          0       3676   matrix_key.o
       172         22          0          0          0       2209   misc.o
       782         30          0          0          0       7097   mpu6050.o
       662        100          0          0          0       5126   mpuiic.o
        64         26        304          0       1536        828   startup_stm32f10x_hd.o
       486         24          0          0          0       8974   stm32f10x_adc.o
       448          6          0          0          0       4698   stm32f10x_gpio.o
        26          0          0          0          0       4054   stm32f10x_it.o
       364         50          0         20          0       6423   stm32f10x_rcc.o
       772        106          0          0          0       7525   stm32f10x_tim.o
       408          6          0          0          0       5186   stm32f10x_usart.o
         0          0          0          0          0         32   sys.o
       328         28          0         20          0       2277   system_stm32f10x.o
       330         26          0          6        200       4360   usart.o
      3166       1330         40         28          0       8210   usmart.o
         0          0        203        300          0       1744   usmart_config.o
      1328         20          0          0          0       8941   usmart_str.o

    ----------------------------------------------------------------------
     23718       2546       3802        460       1752     415758   Object Totals
         0          0         32          0          0          0   (incl. Generated)
        36          0          4          4          0          0   (incl. Padding)

    ----------------------------------------------------------------------

      Code (inc. data)   RO Data    RW Data    ZI Data      Debug   Library Member Name

        90          0          0          0          0          0   __dczerorl2.o
         8          0          0          0          0         68   __main.o
       392          4         17          0          0         92   __printf_flags_ss_wp.o
        14          0          0          0          0         68   __printf_wp.o
         0          0          0          0          0          0   __rtentry.o
        12          0          0          0          0          0   __rtentry2.o
         6          0          0          0          0          0   __rtentry4.o
        52          8          0          0          0          0   __scatter.o
        28          0          0          0          0          0   __scatter_zi.o
         6          0          0          0          0          0   _printf_c.o
        44          0          0          0          0        108   _printf_char.o
        48          6          0          0          0         96   _printf_char_common.o
        36          4          0          0          0         80   _printf_char_file.o
         6          0          0          0          0          0   _printf_d.o
       120         16          0          0          0         92   _printf_dec.o
         6          0          0          0          0          0   _printf_f.o
      1050          0          0          0          0        216   _printf_fp_dec.o
       128         16          0          0          0         84   _printf_fp_infnan.o
        88          4         40          0          0         88   _printf_hex_int.o
       178          0          0          0          0         88   _printf_intcommon.o
        78          0          0          0          0        108   _printf_pad.o
         0          0          0          0          0          0   _printf_percent.o
         4          0          0          0          0          0   _printf_percent_end.o
         6          0          0          0          0          0   _printf_s.o
        82          0          0          0          0         80   _printf_str.o
         6          0          0          0          0          0   _printf_u.o
         6          0          0          0          0          0   _printf_x.o
        22          0          0          0          0        100   _rserrno.o
        16          0          0          0          0         68   aeabi_memset.o
       220          4        148          0          0         96   bigflt0.o
      1910        128          0          0          0        672   btod.o
        12          0          0          0          0         72   exit.o
         8          0          0          0          0         68   ferror.o
         6          0          0          0          0        152   heapauxi.o
        44         10         28          0          0         76   lc_numeric_c.o
         2          0          0          0          0          0   libinit.o
        18          0          0          0          0          0   libinit2.o
         2          0          0          0          0          0   libshutdown.o
         2          0          0          0          0          0   libshutdown2.o
         8          4          0          0         96         68   libspace.o
        72          0          0          0          0         76   llsdiv.o
       138          0          0          0          0         80   lludiv10.o
       238          0          0          0          0        100   lludivv7m.o
        88          0          0          0          0         76   memcmp.o
        24          4          0          0          0         84   noretval__2printf.o
         8          4          0          0          0         68   rt_errno_addr_intlibspace.o
         8          4          0          0          0         68   rt_locale_intlibspace.o
        68          0          0          0          0         68   rt_memclr.o
        78          0          0          0          0         80   rt_memclr_w.o
         2          0          0          0          0          0   rtexit.o
        10          0          0          0          0          0   rtexit2.o
       128          0          0          0          0         68   strcmpv7m.o
        74          0          0          0          0         80   sys_stackheap_outer.o
         2          0          0          0          0         68   use_no_semi.o
         2          0          0          0          0         68   use_no_semi_2.o
        98          4          0          0          0         92   d2f.o
       826         16          0          0          0        348   daddsub_clz.o
        16          4          0          0          0         68   dcheck1.o
       688        140          0          0          0        208   ddiv.o
        94          4          0          0          0         92   dfix.o
        46          0          0          0          0         68   dflt_clz.o
       340         12          0          0          0        104   dmul.o
       156          4          0          0          0         92   dnaninf.o
        12          0          0          0          0         68   dretinf.o
       460         56          0          0          0        120   dsqrt_noumaal.o
        86          4          0          0          0         84   f2d.o
       430          8          0          0          0        168   faddsub_clz.o
        24          0          0          0          0         68   fcmpi.o
       388         76          0          0          0         96   fdiv.o
       104          4          0          0          0         84   feqf.o
        54          4          0          0          0         84   ffix.o
        62          4          0          0          0         84   ffixu.o
        86          0          0          0          0        136   fflt_clz.o
       104          4          0          0          0         84   fleqf.o
       258          4          0          0          0         84   fmul.o
       140          4          0          0          0         84   fnaninf.o
        10          0          0          0          0         68   fretinf.o
        98          0          0          0          0         68   frleqf.o
         4          0          0          0          0         68   printf1.o
       100          0          0          0          0         68   retnan.o
        92          0          0          0          0         68   scalbn.o
        48          0          0          0          0         68   trapv.o
         0          0          0          0          0          0   usenofp.o
       624         52         80          0          0        168   asin.o
       544         70        152          0          0        124   atan.o
       384         38          0          0          0        144   atan2.o
        38          6          0          0          0        272   dunder.o
        40          0          0          0          0         68   fpclassify.o
       170          0          0          0          0         96   poly.o
         0          0          8          0          0          0   qnan.o
        76          0          0          0          0         84   sqrt.o

    ----------------------------------------------------------------------
     12434        734        474          0        100       7304   Library Totals
        30          0          1          0          4          0   (incl. Padding)

    ----------------------------------------------------------------------

      Code (inc. data)   RO Data    RW Data    ZI Data      Debug   Library Name

      5704        216        233          0         96       3624   c_w.l
      4824        352          0          0          0       2724   fz_ws.l
      1876        166        240          0          0        956   m_ws.l

    ----------------------------------------------------------------------
     12434        734        474          0        100       7304   Library Totals

    ----------------------------------------------------------------------

==============================================================================


      Code (inc. data)   RO Data    RW Data    ZI Data      Debug   

     36152       3280       4276        460       1852     409486   Grand Totals
     36152       3280       4276        148       1852     409486   ELF Image Totals (compressed)
     36152       3280       4276        148          0          0   ROM Totals

==============================================================================

    Total RO  Size (Code + RO Data)                40428 (  39.48kB)
    Total RW  Size (RW Data + ZI Data)              2312 (   2.26kB)
    Total ROM Size (Code + RO Data + RW Data)      40576 (  39.63kB)

==============================================================================

